[INFO] Scanning for projects...
[INFO] 
[INFO] --------------------------< com.college:erp >---------------------------
[INFO] Building erp 0.0.1-SNAPSHOT
[INFO]   from pom.xml
[INFO] --------------------------------[ jar ]---------------------------------
[INFO] 
[INFO] --- resources:3.3.1:resources (default-resources) @ erp ---
[INFO] Copying 1 resource from src\main\resources to target\classes
[INFO] Copying 35 resources from src\main\resources to target\classes
[INFO] 
[INFO] --- compiler:3.13.0:compile (default-compile) @ erp ---
[INFO] Nothing to compile - all classes are up to date.
[INFO] 
[INFO] --- resources:3.3.1:testResources (default-testResources) @ erp ---
[INFO] skip non existing resourceDirectory D:\projects\copys\New folder\clg updating\src\test\resources
[INFO] 
[INFO] --- compiler:3.13.0:testCompile (default-testCompile) @ erp ---
[INFO] Nothing to compile - all classes are up to date.
[INFO] 
[INFO] --- surefire:3.5.2:test (default-test) @ erp ---
[INFO] Using auto detected provider org.apache.maven.surefire.junitplatform.JUnitPlatformProvider
[INFO] 
[INFO] -------------------------------------------------------
[INFO]  T E S T S
[INFO] -------------------------------------------------------
[INFO] Running com.college.erp.ErpApplicationTests
16:49:45.557 [main] INFO org.springframework.test.context.support.AnnotationConfigContextLoaderUtils -- Could not detect default configuration classes for test class [com.college.erp.ErpApplicationTests]: ErpApplicationTests does not declare any static, non-private, non-final, nested classes annotated with @Configuration.
16:49:45.711 [main] INFO org.springframework.boot.test.context.SpringBootTestContextBootstrapper -- Found @SpringBootConfiguration com.college.erp.ErpApplication for test class com.college.erp.ErpApplicationTests
16:49:45.962 [main] INFO org.springframework.boot.devtools.restart.RestartApplicationListener -- Restart disabled due to context in which it is running

  .   ____          _            __ _ _
 /\\ / ___'_ __ _ _(_)_ __  __ _ \ \ \ \
( ( )\___ | '_ | '_| | '_ \/ _` | \ \ \ \
 \\/  ___)| |_)| | | | | || (_| |  ) ) ) )
  '  |____| .__|_| |_|_| |_\__, | / / / /
 =========|_|==============|___/=/_/_/_/

 :: Spring Boot ::                (v3.4.3)

2026-03-18T16:49:46.346+05:30  INFO 13540 --- [erp] [           main] com.college.erp.ErpApplicationTests      : Starting ErpApplicationTests using Java 21.0.6 with PID 13540 (started by Karthick R in D:\projects\copys\New folder\clg updating)
2026-03-18T16:49:46.347+05:30  INFO 13540 --- [erp] [           main] com.college.erp.ErpApplicationTests      : No active profile set, falling back to 1 default profile: "default"
2026-03-18T16:49:48.297+05:30  WARN 13540 --- [erp] [           main] o.s.w.c.s.GenericWebApplicationContext   : Exception encountered during context initialization - cancelling refresh attempt: org.springframework.beans.factory.UnsatisfiedDependencyException: Error creating bean with name 'dataInitializer' defined in file [D:\projects\copys\New folder\clg updating\target\classes\com\college\erp\config\DataInitializer.class]: Unsatisfied dependency expressed through constructor parameter 0: Error creating bean with name 'departmentService' defined in file [D:\projects\copys\New folder\clg updating\target\classes\com\college\erp\service\DepartmentService.class]: Unsatisfied dependency expressed through constructor parameter 0: No qualifying bean of type 'com.college.erp.repository.DepartmentRepository' available: expected at least 1 bean which qualifies as autowire candidate. Dependency annotations: {}
mvn : 
At line:1 char:1
+ mvn test > test_log.txt 2>&1
+ ~~~~~~~~~~~~~~~~~~~~~~~~~~~~
    + CategoryInfo          : NotSpecified: (:String) 
[], R    emoteException
    + FullyQualifiedErrorId : NativeCommandError
 


============================
CONDITIONS EVALUATION REPORT
============================


Positive matches:
-----------------

   AopAutoConfiguration matched:
      - @ConditionalOnProperty (spring.aop.auto=true) 
matched (OnPropertyCondition)

   
AopAutoConfiguration.AspectJAutoProxyingConfiguration 
matched:
      - @ConditionalOnClass found required class 
'org.aspectj.weaver.Advice' (OnClassCondition)

   AopAutoConfiguration.AspectJAutoProxyingConfiguratio
n.CglibAutoProxyConfiguration matched:
      - @ConditionalOnProperty 
(spring.aop.proxy-target-class=true) matched 
(OnPropertyCondition)

   ApplicationAvailabilityAutoConfiguration#application
Availability matched:
      - @ConditionalOnMissingBean (types: org.springfra
mework.boot.availability.ApplicationAvailability; 
SearchStrategy: all) did not find any beans 
(OnBeanCondition)

   DataSourceTransactionManagerAutoConfiguration 
matched:
      - @ConditionalOnClass found required classes 
'javax.sql.DataSource', 
'org.springframework.jdbc.core.JdbcTemplate', 
'org.springframework.transaction.TransactionManager' 
(OnClassCondition)

   DispatcherServletAutoConfiguration matched:
      - @ConditionalOnClass found required class 
'org.springframework.web.servlet.DispatcherServlet' 
(OnClassCondition)
      - found 'session' scope 
(OnWebApplicationCondition)

   DispatcherServletAutoConfiguration.DispatcherServlet
Configuration matched:
      - @ConditionalOnClass found required class 
'jakarta.servlet.ServletRegistration' 
(OnClassCondition)
      - Default DispatcherServlet did not find 
dispatcher servlet beans (DispatcherServletAutoConfigur
ation.DefaultDispatcherServletCondition)

   DispatcherServletAutoConfiguration.DispatcherServlet
RegistrationConfiguration matched:
      - @ConditionalOnClass found required class 
'jakarta.servlet.ServletRegistration' 
(OnClassCondition)
      - DispatcherServlet Registration did not find 
servlet registration bean (DispatcherServletAutoConfigu
ration.DispatcherServletRegistrationCondition)

   DispatcherServletAutoConfiguration.DispatcherServlet
RegistrationConfiguration#dispatcherServletRegistration
 matched:
      - @ConditionalOnBean (names: dispatcherServlet 
types: 
org.springframework.web.servlet.DispatcherServlet; 
SearchStrategy: all) found bean 'dispatcherServlet' 
(OnBeanCondition)

   ErrorMvcAutoConfiguration matched:
      - @ConditionalOnClass found required classes 
'jakarta.servlet.Servlet', 
'org.springframework.web.servlet.DispatcherServlet' 
(OnClassCondition)
      - found 'session' scope 
(OnWebApplicationCondition)

   ErrorMvcAutoConfiguration#basicErrorController 
matched:
      - @ConditionalOnMissingBean (types: org.springfra
mework.boot.web.servlet.error.ErrorController; 
SearchStrategy: current) did not find any beans 
(OnBeanCondition)

   ErrorMvcAutoConfiguration#errorAttributes matched:
      - @ConditionalOnMissingBean (types: org.springfra
mework.boot.web.servlet.error.ErrorAttributes; 
SearchStrategy: current) did not find any beans 
(OnBeanCondition)

   ErrorMvcAutoConfiguration.DefaultErrorViewResolverCo
nfiguration#conventionErrorViewResolver matched:
      - @ConditionalOnBean (types: 
org.springframework.web.servlet.DispatcherServlet; 
SearchStrategy: all) found bean 'dispatcherServlet'; 
@ConditionalOnMissingBean (types: org.springframework.b
oot.autoconfigure.web.servlet.error.ErrorViewResolver; 
SearchStrategy: all) did not find any beans 
(OnBeanCondition)

   GenericCacheConfiguration matched:
      - Cache org.springframework.boot.autoconfigure.ca
che.GenericCacheConfiguration automatic cache type 
(CacheCondition)

   HibernateJpaAutoConfiguration matched:
      - @ConditionalOnClass found required classes 'org
.springframework.orm.jpa.LocalContainerEntityManagerFac
toryBean', 'jakarta.persistence.EntityManager', 
'org.hibernate.engine.spi.SessionImplementor' 
(OnClassCondition)

   HttpClientAutoConfiguration matched:
      - @ConditionalOnClass found required class 'org.s
pringframework.http.client.ClientHttpRequestFactory' 
(OnClassCondition)
      - NoneNestedConditions 0 matched 1 did not; 
NestedCondition on NotReactiveWebApplicationCondition.R
eactiveWebApplication did not find reactive web 
application classes 
(NotReactiveWebApplicationCondition)

   HttpClientAutoConfiguration#clientHttpRequestFactory
Builder matched:
      - @ConditionalOnMissingBean (types: org.springfra
mework.boot.http.client.ClientHttpRequestFactoryBuilder
; SearchStrategy: all) did not find any beans 
(OnBeanCondition)

   HttpClientAutoConfiguration#clientHttpRequestFactory
Settings matched:
      - @ConditionalOnMissingBean (types: org.springfra
mework.boot.http.client.ClientHttpRequestFactorySetting
s; SearchStrategy: all) did not find any beans 
(OnBeanCondition)

   HttpEncodingAutoConfiguration matched:
      - @ConditionalOnClass found required class 'org.s
pringframework.web.filter.CharacterEncodingFilter' 
(OnClassCondition)
      - found 'session' scope 
(OnWebApplicationCondition)
      - @ConditionalOnProperty 
(server.servlet.encoding.enabled) matched 
(OnPropertyCondition)

   
HttpEncodingAutoConfiguration#characterEncodingFilter 
matched:
      - @ConditionalOnMissingBean (types: org.springfra
mework.web.filter.CharacterEncodingFilter; 
SearchStrategy: all) did not find any beans 
(OnBeanCondition)

   HttpMessageConvertersAutoConfiguration matched:
      - @ConditionalOnClass found required class 'org.s
pringframework.http.converter.HttpMessageConverter' 
(OnClassCondition)
      - NoneNestedConditions 0 matched 1 did not; 
NestedCondition on HttpMessageConvertersAutoConfigurati
on.NotReactiveWebApplicationCondition.ReactiveWebApplic
ation did not find reactive web application classes (Ht
tpMessageConvertersAutoConfiguration.NotReactiveWebAppl
icationCondition)

   HttpMessageConvertersAutoConfiguration#messageConver
ters matched:
      - @ConditionalOnMissingBean (types: org.springfra
mework.boot.autoconfigure.http.HttpMessageConverters; 
SearchStrategy: all) did not find any beans 
(OnBeanCondition)

   HttpMessageConvertersAutoConfiguration.StringHttpMes
sageConverterConfiguration matched:
      - @ConditionalOnClass found required class 'org.s
pringframework.http.converter.StringHttpMessageConverte
r' (OnClassCondition)

   HttpMessageConvertersAutoConfiguration.StringHttpMes
sageConverterConfiguration#stringHttpMessageConverter 
matched:
      - @ConditionalOnMissingBean (types: org.springfra
mework.http.converter.StringHttpMessageConverter; 
SearchStrategy: all) did not find any beans 
(OnBeanCondition)

   JacksonAutoConfiguration matched:
      - @ConditionalOnClass found required class 
'com.fasterxml.jackson.databind.ObjectMapper' 
(OnClassCondition)

   JacksonAutoConfiguration.Jackson2ObjectMapperBuilder
CustomizerConfiguration matched:
      - @ConditionalOnClass found required class 'org.s
pringframework.http.converter.json.Jackson2ObjectMapper
Builder' (OnClassCondition)

   JacksonAutoConfiguration.JacksonObjectMapperBuilderC
onfiguration matched:
      - @ConditionalOnClass found required class 'org.s
pringframework.http.converter.json.Jackson2ObjectMapper
Builder' (OnClassCondition)

   JacksonAutoConfiguration.JacksonObjectMapperBuilderC
onfiguration#jacksonObjectMapperBuilder matched:
      - @ConditionalOnMissingBean (types: org.springfra
mework.http.converter.json.Jackson2ObjectMapperBuilder;
 SearchStrategy: all) did not find any beans 
(OnBeanCondition)

   JacksonAutoConfiguration.JacksonObjectMapperConfigur
ation matched:
      - @ConditionalOnClass found required class 'org.s
pringframework.http.converter.json.Jackson2ObjectMapper
Builder' (OnClassCondition)

   JacksonAutoConfiguration.JacksonObjectMapperConfigur
ation#jacksonObjectMapper matched:
      - @ConditionalOnMissingBean (types: 
com.fasterxml.jackson.databind.ObjectMapper; 
SearchStrategy: all) did not find any beans 
(OnBeanCondition)

   JacksonAutoConfiguration.ParameterNamesModuleConfigu
ration matched:
      - @ConditionalOnClass found required class 'com.f
asterxml.jackson.module.paramnames.ParameterNamesModule
' (OnClassCondition)

   JacksonAutoConfiguration.ParameterNamesModuleConfigu
ration#parameterNamesModule matched:
      - @ConditionalOnMissingBean (types: com.fasterxml
.jackson.module.paramnames.ParameterNamesModule; 
SearchStrategy: all) did not find any beans 
(OnBeanCondition)

   JacksonHttpMessageConvertersConfiguration.MappingJac
kson2HttpMessageConverterConfiguration matched:
      - @ConditionalOnClass found required class 
'com.fasterxml.jackson.databind.ObjectMapper' 
(OnClassCondition)
      - @ConditionalOnProperty 
(spring.mvc.converters.preferred-json-mapper=jackson) 
matched (OnPropertyCondition)
      - @ConditionalOnBean (types: 
com.fasterxml.jackson.databind.ObjectMapper; 
SearchStrategy: all) found bean 'jacksonObjectMapper' 
(OnBeanCondition)

   JacksonHttpMessageConvertersConfiguration.MappingJac
kson2HttpMessageConverterConfiguration#mappingJackson2H
ttpMessageConverter matched:
      - @ConditionalOnMissingBean (types: org.springfra
mework.http.converter.json.MappingJackson2HttpMessageCo
nverter ignored: org.springframework.hateoas.server.mvc
.TypeConstrainedMappingJackson2HttpMessageConverter,org
.springframework.data.rest.webmvc.alps.AlpsJsonHttpMess
ageConverter; SearchStrategy: all) did not find any 
beans (OnBeanCondition)

   JpaBaseConfiguration.JpaWebConfiguration matched:
      - @ConditionalOnClass found required class 'org.s
pringframework.web.servlet.config.annotation.WebMvcConf
igurer' (OnClassCondition)
      - found 'session' scope 
(OnWebApplicationCondition)
      - @ConditionalOnProperty 
(spring.jpa.open-in-view=true) matched 
(OnPropertyCondition)

   JtaAutoConfiguration matched:
      - @ConditionalOnClass found required class 
'jakarta.transaction.Transaction' (OnClassCondition)
      - @ConditionalOnProperty (spring.jta.enabled) 
matched (OnPropertyCondition)

   
LifecycleAutoConfiguration#defaultLifecycleProcessor 
matched:
      - @ConditionalOnMissingBean (names: 
lifecycleProcessor; SearchStrategy: current) did not 
find any beans (OnBeanCondition)

   MultipartAutoConfiguration matched:
      - @ConditionalOnClass found required classes 
'jakarta.servlet.Servlet', 'org.springframework.web.mul
tipart.support.StandardServletMultipartResolver', 
'jakarta.servlet.MultipartConfigElement' 
(OnClassCondition)
      - found 'session' scope 
(OnWebApplicationCondition)
      - @ConditionalOnProperty 
(spring.servlet.multipart.enabled) matched 
(OnPropertyCondition)

   MultipartAutoConfiguration#multipartConfigElement 
matched:
      - @ConditionalOnMissingBean (types: 
jakarta.servlet.MultipartConfigElement; 
SearchStrategy: all) did not find any beans 
(OnBeanCondition)

   MultipartAutoConfiguration#multipartResolver 
matched:
      - @ConditionalOnMissingBean (types: 
org.springframework.web.multipart.MultipartResolver; 
SearchStrategy: all) did not find any beans 
(OnBeanCondition)

   NoOpCacheConfiguration matched:
      - Cache org.springframework.boot.autoconfigure.ca
che.NoOpCacheConfiguration automatic cache type 
(CacheCondition)

   PersistenceExceptionTranslationAutoConfiguration 
matched:
      - @ConditionalOnClass found required class 'org.s
pringframework.dao.annotation.PersistenceExceptionTrans
lationPostProcessor' (OnClassCondition)

   PersistenceExceptionTranslationAutoConfiguration#per
sistenceExceptionTranslationPostProcessor matched:
      - @ConditionalOnProperty 
(spring.dao.exceptiontranslation.enabled) matched 
(OnPropertyCondition)
      - @ConditionalOnMissingBean (types: org.springfra
mework.dao.annotation.PersistenceExceptionTranslationPo
stProcessor; SearchStrategy: all) did not find any 
beans (OnBeanCondition)

   PropertyPlaceholderAutoConfiguration#propertySources
PlaceholderConfigurer matched:
      - @ConditionalOnMissingBean (types: org.springfra
mework.context.support.PropertySourcesPlaceholderConfig
urer; SearchStrategy: current) did not find any beans 
(OnBeanCondition)

   RestClientAutoConfiguration matched:
      - @ConditionalOnClass found required class 
'org.springframework.web.client.RestClient' 
(OnClassCondition)
      - NoneNestedConditions 0 matched 1 did not; 
NestedCondition on NotReactiveWebApplicationCondition.R
eactiveWebApplication did not find reactive web 
application classes 
(NotReactiveWebApplicationCondition)

   RestClientAutoConfiguration#httpMessageConvertersRes
tClientCustomizer matched:
      - @ConditionalOnMissingBean (types: org.springfra
mework.boot.autoconfigure.web.client.HttpMessageConvert
ersRestClientCustomizer; SearchStrategy: all) did not 
find any beans (OnBeanCondition)

   RestClientAutoConfiguration#restClientBuilder 
matched:
      - @ConditionalOnMissingBean (types: 
org.springframework.web.client.RestClient$Builder; 
SearchStrategy: all) did not find any beans 
(OnBeanCondition)

   RestClientAutoConfiguration#restClientBuilderConfigu
rer matched:
      - @ConditionalOnMissingBean (types: org.springfra
mework.boot.autoconfigure.web.client.RestClientBuilderC
onfigurer; SearchStrategy: all) did not find any beans 
(OnBeanCondition)

   RestClientAutoConfiguration#restClientSsl matched:
      - @ConditionalOnBean (types: 
org.springframework.boot.ssl.SslBundles; 
SearchStrategy: all) found bean 'sslBundleRegistry'; 
@ConditionalOnMissingBean (types: org.springframework.b
oot.autoconfigure.web.client.RestClientSsl; 
SearchStrategy: all) did not find any beans 
(OnBeanCondition)

   RestTemplateAutoConfiguration matched:
      - @ConditionalOnClass found required class 
'org.springframework.web.client.RestTemplate' 
(OnClassCondition)
      - NoneNestedConditions 0 matched 1 did not; 
NestedCondition on NotReactiveWebApplicationCondition.R
eactiveWebApplication did not find reactive web 
application classes 
(NotReactiveWebApplicationCondition)

   RestTemplateAutoConfiguration#restTemplateBuilder 
matched:
      - @ConditionalOnMissingBean (types: org.springfra
mework.boot.web.client.RestTemplateBuilder; 
SearchStrategy: all) did not find any beans 
(OnBeanCondition)

   SecurityAutoConfiguration matched:
      - @ConditionalOnClass found required class 'org.s
pringframework.security.authentication.DefaultAuthentic
ationEventPublisher' (OnClassCondition)

   
SecurityAutoConfiguration#authenticationEventPublisher 
matched:
      - @ConditionalOnMissingBean (types: org.springfra
mework.security.authentication.AuthenticationEventPubli
sher; SearchStrategy: all) did not find any beans 
(OnBeanCondition)

   SecurityFilterAutoConfiguration matched:
      - @ConditionalOnClass found required classes 'org
.springframework.security.web.context.AbstractSecurityW
ebApplicationInitializer', 'org.springframework.securit
y.config.http.SessionCreationPolicy' (OnClassCondition)
      - found 'session' scope 
(OnWebApplicationCondition)

   SecurityFilterAutoConfiguration#securityFilterChainR
egistration matched:
      - @ConditionalOnBean (names: 
springSecurityFilterChain; SearchStrategy: all) found 
bean 'springSecurityFilterChain' (OnBeanCondition)

   ServletWebServerFactoryAutoConfiguration matched:
      - @ConditionalOnClass found required class 
'jakarta.servlet.ServletRequest' (OnClassCondition)
      - found 'session' scope 
(OnWebApplicationCondition)

   ServletWebServerFactoryAutoConfiguration#tomcatServl
etWebServerFactoryCustomizer matched:
      - @ConditionalOnClass found required class 
'org.apache.catalina.startup.Tomcat' (OnClassCondition)

   ServletWebServerFactoryConfiguration.EmbeddedTomcat 
matched:
      - @ConditionalOnClass found required classes 
'jakarta.servlet.Servlet', 
'org.apache.catalina.startup.Tomcat', 
'org.apache.coyote.UpgradeProtocol' (OnClassCondition)
      - @ConditionalOnMissingBean (types: org.springfra
mework.boot.web.servlet.server.ServletWebServerFactory;
 SearchStrategy: current) did not find any beans 
(OnBeanCondition)

   SimpleCacheConfiguration matched:
      - Cache org.springframework.boot.autoconfigure.ca
che.SimpleCacheConfiguration automatic cache type 
(CacheCondition)

   SpringBootWebSecurityConfiguration matched:
      - found 'session' scope 
(OnWebApplicationCondition)

   SpringDataWebAutoConfiguration matched:
      - @ConditionalOnClass found required classes 'org
.springframework.data.web.PageableHandlerMethodArgument
Resolver', 'org.springframework.web.servlet.config.anno
tation.WebMvcConfigurer' (OnClassCondition)
      - found 'session' scope 
(OnWebApplicationCondition)
      - @ConditionalOnMissingBean (types: org.springfra
mework.data.web.PageableHandlerMethodArgumentResolver; 
SearchStrategy: all) did not find any beans 
(OnBeanCondition)

   SpringDataWebAutoConfiguration#pageableCustomizer 
matched:
      - @ConditionalOnMissingBean (types: org.springfra
mework.data.web.config.PageableHandlerMethodArgumentRes
olverCustomizer; SearchStrategy: all) did not find any 
beans (OnBeanCondition)

   SpringDataWebAutoConfiguration#sortCustomizer 
matched:
      - @ConditionalOnMissingBean (types: org.springfra
mework.data.web.config.SortHandlerMethodArgumentResolve
rCustomizer; SearchStrategy: all) did not find any 
beans (OnBeanCondition)

   
SpringDataWebAutoConfiguration#springDataWebSettings 
matched:
      - @ConditionalOnMissingBean (types: org.springfra
mework.data.web.config.SpringDataWebSettings; 
SearchStrategy: all) did not find any beans 
(OnBeanCondition)

   SqlInitializationAutoConfiguration matched:
      - @ConditionalOnProperty 
(spring.sql.init.enabled) matched (OnPropertyCondition)
      - NoneNestedConditions 0 matched 1 did not; 
NestedCondition on SqlInitializationAutoConfiguration.S
qlInitializationModeCondition.ModeIsNever 
@ConditionalOnProperty (spring.sql.init.mode=never) 
did not find property 'mode' (SqlInitializationAutoConf
iguration.SqlInitializationModeCondition)

   SslAutoConfiguration#sslBundleRegistry matched:
      - @ConditionalOnMissingBean (types: org.springfra
mework.boot.ssl.SslBundleRegistry,org.springframework.b
oot.ssl.SslBundles; SearchStrategy: all) did not find 
any beans (OnBeanCondition)

   TaskExecutionAutoConfiguration matched:
      - @ConditionalOnClass found required class 'org.s
pringframework.scheduling.concurrent.ThreadPoolTaskExec
utor' (OnClassCondition)

   TaskExecutorConfigurations.SimpleAsyncTaskExecutorBu
ilderConfiguration#simpleAsyncTaskExecutorBuilder 
matched:
      - @ConditionalOnMissingBean (types: org.springfra
mework.boot.task.SimpleAsyncTaskExecutorBuilder; 
SearchStrategy: all) did not find any beans 
(OnBeanCondition)
      - @ConditionalOnThreading found PLATFORM 
(OnThreadingCondition)

   
TaskExecutorConfigurations.TaskExecutorConfiguration 
matched:
      - @ConditionalOnMissingBean (types: 
java.util.concurrent.Executor; SearchStrategy: all) 
did not find any beans (OnBeanCondition)

   TaskExecutorConfigurations.TaskExecutorConfiguration
#applicationTaskExecutor matched:
      - @ConditionalOnThreading found PLATFORM 
(OnThreadingCondition)

   TaskExecutorConfigurations.ThreadPoolTaskExecutorBui
lderConfiguration#threadPoolTaskExecutorBuilder 
matched:
      - @ConditionalOnMissingBean (types: org.springfra
mework.boot.task.ThreadPoolTaskExecutorBuilder; 
SearchStrategy: all) did not find any beans 
(OnBeanCondition)

   TaskSchedulingAutoConfiguration matched:
      - @ConditionalOnClass found required class 'org.s
pringframework.scheduling.concurrent.ThreadPoolTaskSche
duler' (OnClassCondition)

   TaskSchedulingConfigurations.SimpleAsyncTaskSchedule
rBuilderConfiguration#simpleAsyncTaskSchedulerBuilder 
matched:
      - @ConditionalOnMissingBean (types: org.springfra
mework.boot.task.SimpleAsyncTaskSchedulerBuilder; 
SearchStrategy: all) did not find any beans 
(OnBeanCondition)
      - @ConditionalOnThreading found PLATFORM 
(OnThreadingCondition)

   TaskSchedulingConfigurations.ThreadPoolTaskScheduler
BuilderConfiguration#threadPoolTaskSchedulerBuilder 
matched:
      - @ConditionalOnMissingBean (types: org.springfra
mework.boot.task.ThreadPoolTaskSchedulerBuilder; 
SearchStrategy: all) did not find any beans 
(OnBeanCondition)

   TemplateEngineConfigurations.DefaultTemplateEngineCo
nfiguration#templateEngine matched:
      - @ConditionalOnMissingBean (types: 
org.thymeleaf.spring6.ISpringTemplateEngine; 
SearchStrategy: all) did not find any beans 
(OnBeanCondition)

   ThymeleafAutoConfiguration matched:
      - @ConditionalOnClass found required classes 
'org.thymeleaf.templatemode.TemplateMode', 
'org.thymeleaf.spring6.SpringTemplateEngine' 
(OnClassCondition)

   ThymeleafAutoConfiguration.DefaultTemplateResolverCo
nfiguration matched:
      - @ConditionalOnMissingBean (names: 
defaultTemplateResolver; SearchStrategy: all) did not 
find any beans (OnBeanCondition)

   ThymeleafAutoConfiguration.ThymeleafWebLayoutConfigu
ration matched:
      - @ConditionalOnClass found required class 
'nz.net.ultraq.thymeleaf.layoutdialect.LayoutDialect' 
(OnClassCondition)

   ThymeleafAutoConfiguration.ThymeleafWebLayoutConfigu
ration#layoutDialect matched:
      - @ConditionalOnMissingBean (types: 
nz.net.ultraq.thymeleaf.layoutdialect.LayoutDialect; 
SearchStrategy: all) did not find any beans 
(OnBeanCondition)

   ThymeleafAutoConfiguration.ThymeleafWebMvcConfigurat
ion matched:
      - found 'session' scope 
(OnWebApplicationCondition)
      - @ConditionalOnProperty 
(spring.thymeleaf.enabled) matched 
(OnPropertyCondition)

   ThymeleafAutoConfiguration.ThymeleafWebMvcConfigurat
ion.ThymeleafViewResolverConfiguration matched:
      - @ConditionalOnClass found required class 'org.s
pringframework.web.servlet.view.AbstractCachingViewReso
lver' (OnClassCondition)

   ThymeleafAutoConfiguration.ThymeleafWebMvcConfigurat
ion.ThymeleafViewResolverConfiguration#thymeleafViewRes
olver matched:
      - @ConditionalOnMissingBean (names: 
thymeleafViewResolver; SearchStrategy: all) did not 
find any beans (OnBeanCondition)

   TransactionAutoConfiguration matched:
      - @ConditionalOnClass found required class 'org.s
pringframework.transaction.PlatformTransactionManager' 
(OnClassCondition)

   TransactionManagerCustomizationAutoConfiguration 
matched:
      - @ConditionalOnClass found required class 'org.s
pringframework.transaction.PlatformTransactionManager' 
(OnClassCondition)

   TransactionManagerCustomizationAutoConfiguration#pla
tformTransactionManagerCustomizers matched:
      - @ConditionalOnMissingBean (types: org.springfra
mework.boot.autoconfigure.transaction.TransactionManage
rCustomizers; SearchStrategy: all) did not find any 
beans (OnBeanCondition)

   ValidationAutoConfiguration matched:
      - @ConditionalOnClass found required class 
'jakarta.validation.executable.ExecutableValidator' 
(OnClassCondition)
      - @ConditionalOnResource found location classpath
:META-INF/services/jakarta.validation.spi.ValidationPro
vider (OnResourceCondition)

   ValidationAutoConfiguration#defaultValidator 
matched:
      - @ConditionalOnMissingBean (types: 
jakarta.validation.Validator; SearchStrategy: all) did 
not find any beans (OnBeanCondition)

   ValidationAutoConfiguration#methodValidationPostProc
essor matched:
      - @ConditionalOnMissingBean (types: org.springfra
mework.validation.beanvalidation.MethodValidationPostPr
ocessor; SearchStrategy: current) did not find any 
beans (OnBeanCondition)

   WebMvcAutoConfiguration matched:
      - @ConditionalOnClass found required classes 
'jakarta.servlet.Servlet', 
'org.springframework.web.servlet.DispatcherServlet', 'o
rg.springframework.web.servlet.config.annotation.WebMvc
Configurer' (OnClassCondition)
      - found 'session' scope 
(OnWebApplicationCondition)
      - @ConditionalOnMissingBean (types: org.springfra
mework.web.servlet.config.annotation.WebMvcConfiguratio
nSupport; SearchStrategy: all) did not find any beans 
(OnBeanCondition)

   WebMvcAutoConfiguration#formContentFilter matched:
      - @ConditionalOnProperty 
(spring.mvc.formcontent.filter.enabled) matched 
(OnPropertyCondition)
      - @ConditionalOnMissingBean (types: 
org.springframework.web.filter.FormContentFilter; 
SearchStrategy: all) did not find any beans 
(OnBeanCondition)

   WebMvcAutoConfiguration.EnableWebMvcConfiguration#fl
ashMapManager matched:
      - @ConditionalOnMissingBean (names: 
flashMapManager; SearchStrategy: all) did not find any 
beans (OnBeanCondition)

   WebMvcAutoConfiguration.EnableWebMvcConfiguration#lo
caleResolver matched:
      - @ConditionalOnMissingBean (names: 
localeResolver; SearchStrategy: all) did not find any 
beans (OnBeanCondition)

   WebMvcAutoConfiguration.EnableWebMvcConfiguration#th
emeResolver matched:
      - @ConditionalOnMissingBean (names: 
themeResolver; SearchStrategy: all) did not find any 
beans (OnBeanCondition)

   WebMvcAutoConfiguration.EnableWebMvcConfiguration#vi
ewNameTranslator matched:
      - @ConditionalOnMissingBean (names: 
viewNameTranslator; SearchStrategy: all) did not find 
any beans (OnBeanCondition)

   WebMvcAutoConfiguration.WebMvcAutoConfigurationAdapt
er#defaultViewResolver matched:
      - @ConditionalOnMissingBean (types: org.springfra
mework.web.servlet.view.InternalResourceViewResolver; 
SearchStrategy: all) did not find any beans 
(OnBeanCondition)

   WebMvcAutoConfiguration.WebMvcAutoConfigurationAdapt
er#requestContextFilter matched:
      - @ConditionalOnMissingBean (types: org.springfra
mework.web.context.request.RequestContextListener,org.s
pringframework.web.filter.RequestContextFilter; 
SearchStrategy: all) did not find any beans 
(OnBeanCondition)

   WebMvcAutoConfiguration.WebMvcAutoConfigurationAdapt
er#viewResolver matched:
      - @ConditionalOnBean (types: 
org.springframework.web.servlet.ViewResolver; 
SearchStrategy: all) found beans 
'defaultViewResolver', 'mvcViewResolver'; 
@ConditionalOnMissingBean (names: viewResolver types: o
rg.springframework.web.servlet.view.ContentNegotiatingV
iewResolver; SearchStrategy: all) did not find any 
beans (OnBeanCondition)

   WebSocketServletAutoConfiguration matched:
      - @ConditionalOnClass found required classes 
'jakarta.servlet.Servlet', 
'jakarta.websocket.server.ServerContainer' 
(OnClassCondition)
      - found 'session' scope 
(OnWebApplicationCondition)

   WebSocketServletAutoConfiguration.TomcatWebSocketCon
figuration matched:
      - @ConditionalOnClass found required classes 
'org.apache.catalina.startup.Tomcat', 
'org.apache.tomcat.websocket.server.WsSci' 
(OnClassCondition)

   WebSocketServletAutoConfiguration.TomcatWebSocketCon
figuration#websocketServletWebServerCustomizer matched:
      - @ConditionalOnMissingBean (names: 
websocketServletWebServerCustomizer; SearchStrategy: 
all) did not find any beans (OnBeanCondition)


Negative matches:
-----------------

   ActiveMQAutoConfiguration:
      Did not match:
         - @ConditionalOnClass did not find required 
class 'jakarta.jms.ConnectionFactory' 
(OnClassCondition)

   AopAutoConfiguration.AspectJAutoProxyingConfiguratio
n.JdkDynamicAutoProxyConfiguration:
      Did not match:
         - @ConditionalOnProperty 
(spring.aop.proxy-target-class=false) did not find 
property 'proxy-target-class' (OnPropertyCondition)

   AopAutoConfiguration.ClassProxyingConfiguration:
      Did not match:
         - @ConditionalOnMissingClass found unwanted 
class 'org.aspectj.weaver.Advice' (OnClassCondition)

   ArtemisAutoConfiguration:
      Did not match:
         - @ConditionalOnClass did not find required 
class 'jakarta.jms.ConnectionFactory' 
(OnClassCondition)

   BatchAutoConfiguration:
      Did not match:
         - @ConditionalOnClass did not find required 
class 
'org.springframework.batch.core.launch.JobLauncher' 
(OnClassCondition)

   Cache2kCacheConfiguration:
      Did not match:
         - @ConditionalOnClass did not find required 
class 'org.cache2k.Cache2kBuilder' (OnClassCondition)

   CacheAutoConfiguration:
      Did not match:
         - @ConditionalOnBean (types: org.springframewo
rk.cache.interceptor.CacheAspectSupport; 
SearchStrategy: all) did not find any beans of type org
.springframework.cache.interceptor.CacheAspectSupport 
(OnBeanCondition)
      Matched:
         - @ConditionalOnClass found required class 
'org.springframework.cache.CacheManager' 
(OnClassCondition)

   CacheAutoConfiguration.CacheManagerEntityManagerFact
oryDependsOnPostProcessor:
      Did not match:
         - Ancestor org.springframework.boot.autoconfig
ure.cache.CacheAutoConfiguration did not match 
(ConditionEvaluationReport.AncestorsMatchedCondition)
      Matched:
         - @ConditionalOnClass found required class 'or
g.springframework.orm.jpa.LocalContainerEntityManagerFa
ctoryBean' (OnClassCondition)

   CaffeineCacheConfiguration:
      Did not match:
         - @ConditionalOnClass did not find required 
class 'com.github.benmanes.caffeine.cache.Caffeine' 
(OnClassCondition)

   CassandraAutoConfiguration:
      Did not match:
         - @ConditionalOnClass did not find required 
class 'com.datastax.oss.driver.api.core.CqlSession' 
(OnClassCondition)

   CassandraDataAutoConfiguration:
      Did not match:
         - @ConditionalOnClass did not find required 
class 'com.datastax.oss.driver.api.core.CqlSession' 
(OnClassCondition)

   CassandraReactiveDataAutoConfiguration:
      Did not match:
         - @ConditionalOnClass did not find required 
class 'com.datastax.oss.driver.api.core.CqlSession' 
(OnClassCondition)

   CassandraReactiveRepositoriesAutoConfiguration:
      Did not match:
         - @ConditionalOnClass did not find required 
class 
'org.springframework.data.cassandra.ReactiveSession' 
(OnClassCondition)

   CassandraRepositoriesAutoConfiguration:
      Did not match:
         - @ConditionalOnClass did not find required 
class 'com.datastax.oss.driver.api.core.CqlSession' 
(OnClassCondition)

   ClientHttpConnectorAutoConfiguration:
      Did not match:
         - @ConditionalOnClass did not find required 
class 'org.springframework.web.reactive.function.client
.WebClient' (OnClassCondition)

   CodecsAutoConfiguration:
      Did not match:
         - @ConditionalOnClass did not find required 
class 'org.springframework.web.reactive.function.client
.WebClient' (OnClassCondition)

   CouchbaseAutoConfiguration:
      Did not match:
         - @ConditionalOnClass did not find required 
class 'com.couchbase.client.java.Cluster' 
(OnClassCondition)

   CouchbaseCacheConfiguration:
      Did not match:
         - @ConditionalOnClass did not find required 
class 'com.couchbase.client.java.Cluster' 
(OnClassCondition)

   CouchbaseDataAutoConfiguration:
      Did not match:
         - @ConditionalOnClass did not find required 
class 'com.couchbase.client.java.Bucket' 
(OnClassCondition)

   CouchbaseReactiveDataAutoConfiguration:
      Did not match:
         - @ConditionalOnClass did not find required 
class 'com.couchbase.client.java.Cluster' 
(OnClassCondition)

   CouchbaseReactiveRepositoriesAutoConfiguration:
      Did not match:
         - @ConditionalOnClass did not find required 
class 'com.couchbase.client.java.Cluster' 
(OnClassCondition)

   CouchbaseRepositoriesAutoConfiguration:
      Did not match:
         - @ConditionalOnClass did not find required 
class 'com.couchbase.client.java.Bucket' 
(OnClassCondition)

   DataSourceInitializationConfiguration:
      Did not match:
         - @ConditionalOnSingleCandidate (types: 
javax.sql.DataSource; SearchStrategy: all) did not 
find any beans (OnBeanCondition)
      Matched:
         - @ConditionalOnClass found required class 'or
g.springframework.jdbc.datasource.init.DatabasePopulato
r' (OnClassCondition)

   DataSourceTransactionManagerAutoConfiguration.JdbcTr
ansactionManagerConfiguration:
      Did not match:
         - @ConditionalOnSingleCandidate (types: 
javax.sql.DataSource; SearchStrategy: all) did not 
find any beans (OnBeanCondition)

   DevToolsDataSourceAutoConfiguration:
      Did not match:
         - Devtools devtools is disabled for current 
context. (OnEnabledDevToolsCondition)
      Matched:
         - @ConditionalOnClass found required class 
'javax.sql.DataSource' (OnClassCondition)

   DevToolsR2dbcAutoConfiguration:
      Did not match:
         - @ConditionalOnClass did not find required 
class 'io.r2dbc.spi.ConnectionFactory' 
(OnClassCondition)

   DispatcherServletAutoConfiguration.DispatcherServlet
Configuration#multipartResolver:
      Did not match:
         - @ConditionalOnBean (types: 
org.springframework.web.multipart.MultipartResolver; 
SearchStrategy: all) did not find any beans of type 
org.springframework.web.multipart.MultipartResolver 
(OnBeanCondition)

   ElasticsearchClientAutoConfiguration:
      Did not match:
         - @ConditionalOnClass did not find required 
class 
'co.elastic.clients.elasticsearch.ElasticsearchClient' 
(OnClassCondition)

   ElasticsearchDataAutoConfiguration:
      Did not match:
         - @ConditionalOnClass did not find required 
class 'org.springframework.data.elasticsearch.client.el
c.ElasticsearchTemplate' (OnClassCondition)

   ElasticsearchRepositoriesAutoConfiguration:
      Did not match:
         - @ConditionalOnClass did not find required 
class 'org.springframework.data.elasticsearch.repositor
y.ElasticsearchRepository' (OnClassCondition)

   ElasticsearchRestClientAutoConfiguration:
      Did not match:
         - @ConditionalOnClass did not find required 
class 'org.elasticsearch.client.RestClientBuilder' 
(OnClassCondition)

   EmbeddedLdapAutoConfiguration:
      Did not match:
         - @ConditionalOnClass did not find required 
class 
'com.unboundid.ldap.listener.InMemoryDirectoryServer' 
(OnClassCondition)

   EmbeddedWebServerFactoryCustomizerAutoConfiguration:
      Did not match:
         - Application is deployed as a WAR file. 
(OnWarDeploymentCondition)
      Matched:
         - @ConditionalOnWebApplication (required) 
found 'session' scope (OnWebApplicationCondition)

   ErrorMvcAutoConfiguration.WhitelabelErrorViewConfigu
ration:
      Did not match:
         - @ConditionalOnProperty 
(server.error.whitelabel.enabled) found different 
value in property 'enabled' (OnPropertyCondition)

   ErrorWebFluxAutoConfiguration:
      Did not match:
         - @ConditionalOnClass did not find required 
class 'org.springframework.web.reactive.config.WebFluxC
onfigurer' (OnClassCondition)

   FlywayAutoConfiguration:
      Did not match:
         - @ConditionalOnClass did not find required 
class 'org.flywaydb.core.Flyway' (OnClassCondition)

   FreeMarkerAutoConfiguration:
      Did not match:
         - @ConditionalOnClass did not find required 
class 'freemarker.template.Configuration' 
(OnClassCondition)

   GraphQlAutoConfiguration:
      Did not match:
         - @ConditionalOnClass did not find required 
class 'graphql.GraphQL' (OnClassCondition)

   GraphQlQueryByExampleAutoConfiguration:
      Did not match:
         - @ConditionalOnClass did not find required 
class 'graphql.GraphQL' (OnClassCondition)

   GraphQlQuerydslAutoConfiguration:
      Did not match:
         - @ConditionalOnClass did not find required 
class 'com.querydsl.core.Query' (OnClassCondition)

   GraphQlRSocketAutoConfiguration:
      Did not match:
         - @ConditionalOnClass did not find required 
class 'graphql.GraphQL' (OnClassCondition)

   GraphQlReactiveQueryByExampleAutoConfiguration:
      Did not match:
         - @ConditionalOnClass did not find required 
class 'graphql.GraphQL' (OnClassCondition)

   GraphQlReactiveQuerydslAutoConfiguration:
      Did not match:
         - @ConditionalOnClass did not find required 
class 'com.querydsl.core.Query' (OnClassCondition)

   GraphQlWebFluxAutoConfiguration:
      Did not match:
         - @ConditionalOnClass did not find required 
class 'graphql.GraphQL' (OnClassCondition)

   GraphQlWebFluxSecurityAutoConfiguration:
      Did not match:
         - @ConditionalOnClass did not find required 
class 'graphql.GraphQL' (OnClassCondition)

   GraphQlWebMvcAutoConfiguration:
      Did not match:
         - @ConditionalOnClass did not find required 
class 'graphql.GraphQL' (OnClassCondition)

   GraphQlWebMvcSecurityAutoConfiguration:
      Did not match:
         - @ConditionalOnClass did not find required 
class 'graphql.GraphQL' (OnClassCondition)

   GroovyTemplateAutoConfiguration:
      Did not match:
         - @ConditionalOnClass did not find required 
class 'groovy.text.markup.MarkupTemplateEngine' 
(OnClassCondition)

   GsonAutoConfiguration:
      Did not match:
         - @ConditionalOnClass did not find required 
class 'com.google.gson.Gson' (OnClassCondition)

   GsonHttpMessageConvertersConfiguration:
      Did not match:
         - @ConditionalOnClass did not find required 
class 'com.google.gson.Gson' (OnClassCondition)

   H2ConsoleAutoConfiguration:
      Did not match:
         - @ConditionalOnClass did not find required 
class 'org.h2.server.web.JakartaWebServlet' 
(OnClassCondition)

   HazelcastAutoConfiguration:
      Did not match:
         - @ConditionalOnClass did not find required 
class 'com.hazelcast.core.HazelcastInstance' 
(OnClassCondition)

   HazelcastCacheConfiguration:
      Did not match:
         - @ConditionalOnClass did not find required 
class 'com.hazelcast.core.HazelcastInstance' 
(OnClassCondition)

   HazelcastJpaDependencyAutoConfiguration:
      Did not match:
         - @ConditionalOnClass did not find required 
class 'com.hazelcast.core.HazelcastInstance' 
(OnClassCondition)

   HibernateJpaConfiguration:
      Did not match:
         - @ConditionalOnSingleCandidate (types: 
javax.sql.DataSource; SearchStrategy: all) did not 
find any beans (OnBeanCondition)

   HttpHandlerAutoConfiguration:
      Did not match:
         - @ConditionalOnClass did not find required 
class 
'org.springframework.web.reactive.DispatcherHandler' 
(OnClassCondition)

   HypermediaAutoConfiguration:
      Did not match:
         - @ConditionalOnClass did not find required 
class 'org.springframework.hateoas.EntityModel' 
(OnClassCondition)

   InfinispanCacheConfiguration:
      Did not match:
         - @ConditionalOnClass did not find required 
class 'org.infinispan.spring.embedded.provider.SpringEm
beddedCacheManager' (OnClassCondition)

   IntegrationAutoConfiguration:
      Did not match:
         - @ConditionalOnClass did not find required 
class 'org.springframework.integration.config.EnableInt
egration' (OnClassCondition)

   JCacheCacheConfiguration:
      Did not match:
         - @ConditionalOnClass did not find required 
class 'javax.cache.Caching' (OnClassCondition)

   JacksonHttpMessageConvertersConfiguration.MappingJac
kson2XmlHttpMessageConverterConfiguration:
      Did not match:
         - @ConditionalOnClass did not find required 
class 'com.fasterxml.jackson.dataformat.xml.XmlMapper' 
(OnClassCondition)

   JdbcClientAutoConfiguration:
      Did not match:
         - @ConditionalOnSingleCandidate (types: org.sp
ringframework.jdbc.core.namedparam.NamedParameterJdbcTe
mplate; SearchStrategy: all) did not find any beans 
(OnBeanCondition)

   JdbcRepositoriesAutoConfiguration:
      Did not match:
         - @ConditionalOnClass did not find required 
class 'org.springframework.data.jdbc.repository.config.
AbstractJdbcConfiguration' (OnClassCondition)

   JdbcTemplateAutoConfiguration:
      Did not match:
         - @ConditionalOnSingleCandidate (types: 
javax.sql.DataSource; SearchStrategy: all) did not 
find any beans (OnBeanCondition)
      Matched:
         - @ConditionalOnClass found required classes 
'javax.sql.DataSource', 
'org.springframework.jdbc.core.JdbcTemplate' 
(OnClassCondition)

   JerseyAutoConfiguration:
      Did not match:
         - @ConditionalOnClass did not find required 
class 'org.glassfish.jersey.server.spring.SpringCompone
ntProvider' (OnClassCondition)

   JmsAutoConfiguration:
      Did not match:
         - @ConditionalOnClass did not find required 
class 'jakarta.jms.Message' (OnClassCondition)

   JmxAutoConfiguration:
      Did not match:
         - @ConditionalOnProperty 
(spring.jmx.enabled=true) found different value in 
property 'enabled' (OnPropertyCondition)
      Matched:
         - @ConditionalOnClass found required class 
'org.springframework.jmx.export.MBeanExporter' 
(OnClassCondition)

   JndiConnectionFactoryAutoConfiguration:
      Did not match:
         - @ConditionalOnClass did not find required 
class 'org.springframework.jms.core.JmsTemplate' 
(OnClassCondition)

   JndiDataSourceAutoConfiguration:
      Did not match:
         - @ConditionalOnProperty 
(spring.datasource.jndi-name) did not find property 
'jndi-name' (OnPropertyCondition)
      Matched:
         - @ConditionalOnClass found required classes 
'javax.sql.DataSource', 'org.springframework.jdbc.datas
ource.embedded.EmbeddedDatabaseType' (OnClassCondition)

   JndiJtaConfiguration:
      Did not match:
         - @ConditionalOnJndi JNDI environment is not 
available (OnJndiCondition)
      Matched:
         - @ConditionalOnClass found required class 'or
g.springframework.transaction.jta.JtaTransactionManager
' (OnClassCondition)

   JooqAutoConfiguration:
      Did not match:
         - @ConditionalOnClass did not find required 
class 'org.jooq.DSLContext' (OnClassCondition)

   JpaRepositoriesAutoConfiguration:
      Did not match:
         - @ConditionalOnBean (types: 
javax.sql.DataSource; SearchStrategy: all) did not 
find any beans of type javax.sql.DataSource 
(OnBeanCondition)
      Matched:
         - @ConditionalOnClass found required class 'or
g.springframework.data.jpa.repository.JpaRepository' 
(OnClassCondition)
         - @ConditionalOnProperty 
(spring.data.jpa.repositories.enabled=true) matched 
(OnPropertyCondition)

   JsonbAutoConfiguration:
      Did not match:
         - @ConditionalOnClass did not find required 
class 'jakarta.json.bind.Jsonb' (OnClassCondition)

   JsonbHttpMessageConvertersConfiguration:
      Did not match:
         - @ConditionalOnClass did not find required 
class 'jakarta.json.bind.Jsonb' (OnClassCondition)

   KafkaAutoConfiguration:
      Did not match:
         - @ConditionalOnClass did not find required 
class 'org.springframework.kafka.core.KafkaTemplate' 
(OnClassCondition)

   LdapAutoConfiguration:
      Did not match:
         - @ConditionalOnClass did not find required 
class 'org.springframework.ldap.core.ContextSource' 
(OnClassCondition)

   LdapRepositoriesAutoConfiguration:
      Did not match:
         - @ConditionalOnClass did not find required 
class 'org.springframework.data.ldap.repository.LdapRep
ository' (OnClassCondition)

   LiquibaseAutoConfiguration:
      Did not match:
         - @ConditionalOnClass did not find required 
class 'liquibase.change.DatabaseChange' 
(OnClassCondition)

   LocalDevToolsAutoConfiguration:
      Did not match:
         - Initialized Restarter Condition initialized 
without URLs (OnInitializedRestarterCondition)

   MailSenderAutoConfiguration:
      Did not match:
         - @ConditionalOnClass did not find required 
class 'jakarta.mail.internet.MimeMessage' 
(OnClassCondition)

   MailSenderValidatorAutoConfiguration:
      Did not match:
         - @ConditionalOnSingleCandidate did not find 
required type 
'org.springframework.mail.javamail.JavaMailSenderImpl' 
(OnBeanCondition)

   MessageSourceAutoConfiguration:
      Did not match:
         - ResourceBundle did not find bundle with 
basename messages (MessageSourceAutoConfiguration.Resou
rceBundleCondition)

   MongoAutoConfiguration:
      Did not match:
         - @ConditionalOnClass did not find required 
class 'com.mongodb.client.MongoClient' 
(OnClassCondition)

   MongoDataAutoConfiguration:
      Did not match:
         - @ConditionalOnClass did not find required 
class 'com.mongodb.client.MongoClient' 
(OnClassCondition)

   MongoReactiveAutoConfiguration:
      Did not match:
         - @ConditionalOnClass did not find required 
class 'com.mongodb.reactivestreams.client.MongoClient' 
(OnClassCondition)

   MongoReactiveDataAutoConfiguration:
      Did not match:
         - @ConditionalOnClass did not find required 
class 'com.mongodb.reactivestreams.client.MongoClient' 
(OnClassCondition)

   MongoReactiveRepositoriesAutoConfiguration:
      Did not match:
         - @ConditionalOnClass did not find required 
class 'com.mongodb.reactivestreams.client.MongoClient' 
(OnClassCondition)

   MongoRepositoriesAutoConfiguration:
      Did not match:
         - @ConditionalOnClass did not find required 
class 'com.mongodb.client.MongoClient' 
(OnClassCondition)

   MustacheAutoConfiguration:
      Did not match:
         - @ConditionalOnClass did not find required 
class 'com.samskivert.mustache.Mustache' 
(OnClassCondition)

   Neo4jAutoConfiguration:
      Did not match:
         - @ConditionalOnClass did not find required 
class 'org.neo4j.driver.Driver' (OnClassCondition)

   Neo4jDataAutoConfiguration:
      Did not match:
         - @ConditionalOnClass did not find required 
class 'org.neo4j.driver.Driver' (OnClassCondition)

   Neo4jReactiveDataAutoConfiguration:
      Did not match:
         - @ConditionalOnClass did not find required 
class 'org.neo4j.driver.Driver' (OnClassCondition)

   Neo4jReactiveRepositoriesAutoConfiguration:
      Did not match:
         - @ConditionalOnClass did not find required 
class 'org.neo4j.driver.Driver' (OnClassCondition)

   Neo4jRepositoriesAutoConfiguration:
      Did not match:
         - @ConditionalOnClass did not find required 
class 'org.neo4j.driver.Driver' (OnClassCondition)

   NettyAutoConfiguration:
      Did not match:
         - @ConditionalOnClass did not find required 
class 'io.netty.util.NettyRuntime' (OnClassCondition)

   OAuth2AuthorizationServerAutoConfiguration:
      Did not match:
         - @ConditionalOnClass did not find required 
class 'org.springframework.security.oauth2.server.autho
rization.OAuth2Authorization' (OnClassCondition)

   OAuth2AuthorizationServerJwtAutoConfiguration:
      Did not match:
         - @ConditionalOnClass did not find required 
class 'org.springframework.security.oauth2.server.autho
rization.OAuth2Authorization' (OnClassCondition)

   OAuth2ClientAutoConfiguration:
      Did not match:
         - @ConditionalOnClass did not find required 
class 'org.springframework.security.oauth2.client.regis
tration.ClientRegistration' (OnClassCondition)

   OAuth2ResourceServerAutoConfiguration:
      Did not match:
         - @ConditionalOnClass did not find required 
class 'org.springframework.security.oauth2.server.resou
rce.authentication.BearerTokenAuthenticationToken' 
(OnClassCondition)

   ProjectInfoAutoConfiguration#buildProperties:
      Did not match:
         - @ConditionalOnResource did not find 
resource '${spring.info.build.location:classpath:META-I
NF/build-info.properties}' (OnResourceCondition)

   ProjectInfoAutoConfiguration#gitProperties:
      Did not match:
         - GitResource did not find git info at 
classpath:git.properties (ProjectInfoAutoConfiguration.
GitResourceAvailableCondition)

   PulsarAutoConfiguration:
      Did not match:
         - @ConditionalOnClass did not find required 
class 'org.apache.pulsar.client.api.PulsarClient' 
(OnClassCondition)

   PulsarReactiveAutoConfiguration:
      Did not match:
         - @ConditionalOnClass did not find required 
class 'org.apache.pulsar.client.api.PulsarClient' 
(OnClassCondition)

   QuartzAutoConfiguration:
      Did not match:
         - @ConditionalOnClass did not find required 
class 'org.quartz.Scheduler' (OnClassCondition)

   R2dbcAutoConfiguration:
      Did not match:
         - @ConditionalOnClass did not find required 
class 'io.r2dbc.spi.ConnectionFactory' 
(OnClassCondition)

   R2dbcDataAutoConfiguration:
      Did not match:
         - @ConditionalOnClass did not find required 
class 'org.springframework.data.r2dbc.core.R2dbcEntityT
emplate' (OnClassCondition)

   R2dbcInitializationConfiguration:
      Did not match:
         - @ConditionalOnClass did not find required 
classes 'io.r2dbc.spi.ConnectionFactory', 'org.springfr
amework.r2dbc.connection.init.DatabasePopulator' 
(OnClassCondition)

   R2dbcProxyAutoConfiguration:
      Did not match:
         - @ConditionalOnClass did not find required 
class 'io.r2dbc.proxy.ProxyConnectionFactory' 
(OnClassCondition)

   R2dbcRepositoriesAutoConfiguration:
      Did not match:
         - @ConditionalOnClass did not find required 
class 'io.r2dbc.spi.ConnectionFactory' 
(OnClassCondition)

   R2dbcTransactionManagerAutoConfiguration:
      Did not match:
         - @ConditionalOnClass did not find required 
class 'org.springframework.r2dbc.connection.R2dbcTransa
ctionManager' (OnClassCondition)

   RSocketGraphQlClientAutoConfiguration:
      Did not match:
         - @ConditionalOnClass did not find required 
class 'graphql.GraphQL' (OnClassCondition)

   RSocketMessagingAutoConfiguration:
      Did not match:
         - @ConditionalOnClass did not find required 
class 'io.rsocket.RSocket' (OnClassCondition)

   RSocketRequesterAutoConfiguration:
      Did not match:
         - @ConditionalOnClass did not find required 
class 'io.rsocket.RSocket' (OnClassCondition)

   RSocketSecurityAutoConfiguration:
      Did not match:
         - @ConditionalOnClass did not find required 
class 'org.springframework.security.rsocket.core.Securi
tySocketAcceptorInterceptor' (OnClassCondition)

   RSocketServerAutoConfiguration:
      Did not match:
         - @ConditionalOnClass did not find required 
class 'io.rsocket.core.RSocketServer' 
(OnClassCondition)

   RSocketStrategiesAutoConfiguration:
      Did not match:
         - @ConditionalOnClass did not find required 
class 'io.netty.buffer.PooledByteBufAllocator' 
(OnClassCondition)

   RabbitAutoConfiguration:
      Did not match:
         - @ConditionalOnClass did not find required 
class 'com.rabbitmq.client.Channel' (OnClassCondition)

   ReactiveElasticsearchClientAutoConfiguration:
      Did not match:
         - @ConditionalOnClass did not find required 
class 
'co.elastic.clients.transport.ElasticsearchTransport' 
(OnClassCondition)

   ReactiveElasticsearchRepositoriesAutoConfiguration:
      Did not match:
         - @ConditionalOnClass did not find required 
class 'reactor.core.publisher.Mono' (OnClassCondition)

   ReactiveMultipartAutoConfiguration:
      Did not match:
         - @ConditionalOnClass did not find required 
class 'org.springframework.web.reactive.config.WebFluxC
onfigurer' (OnClassCondition)

   ReactiveOAuth2ClientAutoConfiguration:
      Did not match:
         - @ConditionalOnClass did not find required 
class 'reactor.core.publisher.Flux' (OnClassCondition)

   ReactiveOAuth2ResourceServerAutoConfiguration:
      Did not match:
         - @ConditionalOnWebApplication did not find 
reactive web application classes 
(OnWebApplicationCondition)

   ReactiveSecurityAutoConfiguration:
      Did not match:
         - @ConditionalOnClass did not find required 
class 'reactor.core.publisher.Flux' (OnClassCondition)

   ReactiveUserDetailsServiceAutoConfiguration:
      Did not match:
         - AnyNestedCondition 0 matched 2 did not; 
NestedCondition on ReactiveUserDetailsServiceAutoConfig
uration.RSocketEnabledOrReactiveWebApplication.Reactive
WebApplicationCondition did not find reactive web 
application classes; NestedCondition on ReactiveUserDet
ailsServiceAutoConfiguration.RSocketEnabledOrReactiveWe
bApplication.RSocketSecurityEnabledCondition 
@ConditionalOnBean (types: org.springframework.messagin
g.rsocket.annotation.support.RSocketMessageHandler; 
SearchStrategy: all) did not find any beans of type org
.springframework.messaging.rsocket.annotation.support.R
SocketMessageHandler (ReactiveUserDetailsServiceAutoCon
figuration.RSocketEnabledOrReactiveWebApplication)
      Matched:
         - @ConditionalOnClass found required class 'or
g.springframework.security.authentication.ReactiveAuthe
nticationManager' (OnClassCondition)
         - AnyNestedCondition 1 matched 2 did not; 
NestedCondition on ReactiveUserDetailsServiceAutoConfig
uration.MissingAlternativeOrUserPropertiesConfigured.Pa
sswordConfigured @ConditionalOnProperty 
(spring.security.user.password) did not find property 
'password'; NestedCondition on ReactiveUserDetailsServi
ceAutoConfiguration.MissingAlternativeOrUserPropertiesC
onfigured.NameConfigured @ConditionalOnProperty 
(spring.security.user.name) did not find property 
'name'; NestedCondition on ReactiveUserDetailsServiceAu
toConfiguration.MissingAlternativeOrUserPropertiesConfi
gured.MissingAlternative @ConditionalOnMissingClass 
did not find unwanted classes 'org.springframework.secu
rity.oauth2.client.registration.ClientRegistrationRepos
itory', 'org.springframework.security.oauth2.server.res
ource.introspection.ReactiveOpaqueTokenIntrospector' (R
eactiveUserDetailsServiceAutoConfiguration.MissingAlter
nativeOrUserPropertiesConfigured)

   ReactiveWebServerFactoryAutoConfiguration:
      Did not match:
         - @ConditionalOnWebApplication did not find 
reactive web application classes 
(OnWebApplicationCondition)

   ReactorAutoConfiguration:
      Did not match:
         - @ConditionalOnClass did not find required 
class 'reactor.core.publisher.Hooks' (OnClassCondition)

   RedisAutoConfiguration:
      Did not match:
         - @ConditionalOnClass did not find required 
class 
'org.springframework.data.redis.core.RedisOperations' 
(OnClassCondition)

   RedisCacheConfiguration:
      Did not match:
         - @ConditionalOnClass did not find required 
class 'org.springframework.data.redis.connection.RedisC
onnectionFactory' (OnClassCondition)

   RedisReactiveAutoConfiguration:
      Did not match:
         - @ConditionalOnClass did not find required 
class 'reactor.core.publisher.Flux' (OnClassCondition)

   RedisRepositoriesAutoConfiguration:
      Did not match:
         - @ConditionalOnClass did not find required 
class 'org.springframework.data.redis.repository.config
uration.EnableRedisRepositories' (OnClassCondition)

   RemoteDevToolsAutoConfiguration:
      Did not match:
         - @ConditionalOnProperty 
(spring.devtools.remote.secret) did not find property 
'secret' (OnPropertyCondition)
      Matched:
         - @ConditionalOnClass found required classes 
'jakarta.servlet.Filter', 
'org.springframework.http.server.ServerHttpRequest' 
(OnClassCondition)

   RepositoryRestMvcAutoConfiguration:
      Did not match:
         - @ConditionalOnClass did not find required 
class 'org.springframework.data.rest.webmvc.config.Repo
sitoryRestMvcConfiguration' (OnClassCondition)

   Saml2RelyingPartyAutoConfiguration:
      Did not match:
         - @ConditionalOnClass did not find required 
class 'org.springframework.security.saml2.provider.serv
ice.registration.RelyingPartyRegistrationRepository' 
(OnClassCondition)

   SecurityDataConfiguration:
      Did not match:
         - @ConditionalOnClass did not find required 
class 'org.springframework.security.data.repository.que
ry.SecurityEvaluationContextExtension' 
(OnClassCondition)

   SendGridAutoConfiguration:
      Did not match:
         - @ConditionalOnClass did not find required 
class 'com.sendgrid.SendGrid' (OnClassCondition)

   ServletWebServerFactoryAutoConfiguration.ForwardedHe
aderFilterConfiguration:
      Did not match:
         - @ConditionalOnProperty 
(server.forward-headers-strategy=framework) did not 
find property 'server.forward-headers-strategy' 
(OnPropertyCondition)

   ServletWebServerFactoryConfiguration.EmbeddedJetty:
      Did not match:
         - @ConditionalOnClass did not find required 
classes 'org.eclipse.jetty.server.Server', 
'org.eclipse.jetty.util.Loader', 
'org.eclipse.jetty.ee10.webapp.WebAppContext' 
(OnClassCondition)

   
ServletWebServerFactoryConfiguration.EmbeddedUndertow:
      Did not match:
         - @ConditionalOnClass did not find required 
classes 'io.undertow.Undertow', 
'org.xnio.SslClientAuthMode' (OnClassCondition)

   SessionAutoConfiguration:
      Did not match:
         - @ConditionalOnClass did not find required 
class 'org.springframework.session.Session' 
(OnClassCondition)

   SpringApplicationAdminJmxAutoConfiguration:
      Did not match:
         - @ConditionalOnProperty 
(spring.application.admin.enabled=true) did not find 
property 'enabled' (OnPropertyCondition)

   SpringBootWebSecurityConfiguration.SecurityFilterCha
inConfiguration:
      Did not match:
         - AllNestedConditions 1 matched 1 did not; 
NestedCondition on DefaultWebSecurityCondition.Beans 
@ConditionalOnMissingBean (types: 
org.springframework.security.web.SecurityFilterChain; 
SearchStrategy: all) found beans of type 
'org.springframework.security.web.SecurityFilterChain' 
filterChain; NestedCondition on 
DefaultWebSecurityCondition.Classes 
@ConditionalOnClass found required classes 'org.springf
ramework.security.web.SecurityFilterChain', 'org.spring
framework.security.config.annotation.web.builders.HttpS
ecurity' (DefaultWebSecurityCondition)

   SpringBootWebSecurityConfiguration.WebSecurityEnable
rConfiguration:
      Did not match:
         - @ConditionalOnMissingBean (names: 
springSecurityFilterChain; SearchStrategy: all) found 
beans named springSecurityFilterChain (OnBeanCondition)
      Matched:
         - @ConditionalOnClass found required class 'or
g.springframework.security.config.annotation.web.config
uration.EnableWebSecurity' (OnClassCondition)

   TaskExecutorConfigurations.SimpleAsyncTaskExecutorBu
ilderConfiguration#simpleAsyncTaskExecutorBuilderVirtua
lThreads:
      Did not match:
         - @ConditionalOnMissingBean (types: org.spring
framework.boot.task.SimpleAsyncTaskExecutorBuilder; 
SearchStrategy: all) found beans of type 'org.springfra
mework.boot.task.SimpleAsyncTaskExecutorBuilder' 
simpleAsyncTaskExecutorBuilder (OnBeanCondition)

   TaskExecutorConfigurations.TaskExecutorConfiguration
#applicationTaskExecutorVirtualThreads:
      Did not match:
         - @ConditionalOnThreading did not find 
VIRTUAL (OnThreadingCondition)

   TaskSchedulingAutoConfiguration#scheduledBeanLazyIni
tializationExcludeFilter:
      Did not match:
         - @ConditionalOnBean (names: org.springframewo
rk.context.annotation.internalScheduledAnnotationProces
sor; SearchStrategy: all) did not find any beans named 
org.springframework.context.annotation.internalSchedule
dAnnotationProcessor (OnBeanCondition)

   TaskSchedulingConfigurations.SimpleAsyncTaskSchedule
rBuilderConfiguration#simpleAsyncTaskSchedulerBuilderVi
rtualThreads:
      Did not match:
         - @ConditionalOnMissingBean (types: org.spring
framework.boot.task.SimpleAsyncTaskSchedulerBuilder; 
SearchStrategy: all) found beans of type 'org.springfra
mework.boot.task.SimpleAsyncTaskSchedulerBuilder' 
simpleAsyncTaskSchedulerBuilder (OnBeanCondition)

   TaskSchedulingConfigurations.TaskSchedulerConfigurat
ion:
      Did not match:
         - @ConditionalOnBean (names: org.springframewo
rk.context.annotation.internalScheduledAnnotationProces
sor; SearchStrategy: all) did not find any beans named 
org.springframework.context.annotation.internalSchedule
dAnnotationProcessor (OnBeanCondition)

   TemplateEngineConfigurations.ReactiveTemplateEngineC
onfiguration:
      Did not match:
         - did not find reactive web application 
classes (OnWebApplicationCondition)

   ThymeleafAutoConfiguration.DataAttributeDialectConfi
guration:
      Did not match:
         - @ConditionalOnClass did not find required 
class 'com.github.mxab.thymeleaf.extras.dataattribute.d
ialect.DataAttributeDialect' (OnClassCondition)

   ThymeleafAutoConfiguration.ThymeleafSecurityDialectC
onfiguration:
      Did not match:
         - @ConditionalOnClass did not find required 
class 'org.thymeleaf.extras.springsecurity6.dialect.Spr
ingSecurityDialect' (OnClassCondition)

   ThymeleafAutoConfiguration.ThymeleafWebFluxConfigura
tion:
      Did not match:
         - did not find reactive web application 
classes (OnWebApplicationCondition)

   ThymeleafAutoConfiguration.ThymeleafWebMvcConfigurat
ion#resourceUrlEncodingFilter:
      Did not match:
         - @ConditionalOnEnabledResourceChain did not 
find class org.webjars.WebJarVersionLocator 
(OnEnabledResourceChainCondition)

   TransactionAutoConfiguration#transactionalOperator:
      Did not match:
         - @ConditionalOnSingleCandidate (types: org.sp
ringframework.transaction.ReactiveTransactionManager; 
SearchStrategy: all) did not find any beans 
(OnBeanCondition)

   TransactionAutoConfiguration.AspectJTransactionManag
ementConfiguration:
      Did not match:
         - @ConditionalOnBean (types: org.springframewo
rk.transaction.aspectj.AbstractTransactionAspect; 
SearchStrategy: all) did not find any beans of type org
.springframework.transaction.aspectj.AbstractTransactio
nAspect (OnBeanCondition)

   TransactionAutoConfiguration.EnableTransactionManage
mentConfiguration:
      Did not match:
         - @ConditionalOnBean (types: 
org.springframework.transaction.TransactionManager; 
SearchStrategy: all) did not find any beans of type 
org.springframework.transaction.TransactionManager 
(OnBeanCondition)

   TransactionAutoConfiguration.EnableTransactionManage
mentConfiguration.CglibAutoProxyConfiguration:
      Did not match:
         - Ancestor org.springframework.boot.autoconfig
ure.transaction.TransactionAutoConfiguration$EnableTran
sactionManagementConfiguration did not match 
(ConditionEvaluationReport.AncestorsMatchedCondition)
      Matched:
         - @ConditionalOnProperty 
(spring.aop.proxy-target-class=true) matched 
(OnPropertyCondition)

   TransactionAutoConfiguration.EnableTransactionManage
mentConfiguration.JdkDynamicAutoProxyConfiguration:
      Did not match:
         - @ConditionalOnProperty 
(spring.aop.proxy-target-class=false) did not find 
property 'proxy-target-class' (OnPropertyCondition)
         - Ancestor org.springframework.boot.autoconfig
ure.transaction.TransactionAutoConfiguration$EnableTran
sactionManagementConfiguration did not match 
(ConditionEvaluationReport.AncestorsMatchedCondition)

   TransactionAutoConfiguration.TransactionTemplateConf
iguration:
2026-03-18T16:49:48.330+05:30  INFO 13540 --- [erp] [           main] .s.b.a.l.ConditionEvaluationReportLogger : 

Error starting ApplicationContext. To display the condition evaluation report re-run your application with 'debug' enabled.
2026-03-18T16:49:48.385+05:30 ERROR 13540 --- [erp] [           main] o.s.b.d.LoggingFailureAnalysisReporter   : 

***************************
APPLICATION FAILED TO START
***************************

Description:

Parameter 0 of constructor in com.college.erp.service.DepartmentService required a bean of type 'com.college.erp.repository.DepartmentRepository' that could not be found.


Action:

Consider defining a bean of type 'com.college.erp.repository.DepartmentRepository' in your configuration.

2026-03-18T16:49:48.393+05:30  WARN 13540 --- [erp] [           main] o.s.test.context.TestContextManager      : Caught exception while allowing TestExecutionListener [org.springframework.test.context.web.ServletTestExecutionListener] to prepare test instance [com.college.erp.ErpApplicationTests@5934ca1e]

java.lang.IllegalStateException: Failed to load ApplicationContext for [WebMergedContextConfiguration@6010d0d1 testClass = com.college.erp.ErpApplicationTests, locations = [], classes = [com.college.erp.ErpApplication], contextInitializerClasses = [], activeProfiles = [], propertySourceDescriptors = [], propertySourceProperties = ["org.springframework.boot.test.context.SpringBootTestContextBootstrapper=true"], contextCustomizers = [org.springframework.boot.test.context.filter.ExcludeFilterContextCustomizer@503f91c3, org.springframework.boot.test.json.DuplicateJsonObjectContextCustomizerFactory$DuplicateJsonObjectContextCustomizer@3b6d844d, org.springframework.boot.test.mock.mockito.MockitoContextCustomizer@0, org.springframework.boot.test.web.client.TestRestTemplateContextCustomizer@5038d0b5, org.springframework.boot.test.web.reactor.netty.DisableReactorResourceFactoryGlobalResourcesContextCustomizerFactory$DisableReactorResourceFactoryGlobalResourcesContextCustomizerCustomizer@22f59fa, org.springframework.boot.test.autoconfigure.OnFailureConditionReportContextCustomizerFactory$OnFailureConditionReportContextCustomizer@54e041a4, org.springframework.boot.test.autoconfigure.actuate.observability.ObservabilityContextCustomizerFactory$DisableObservabilityContextCustomizer@1f, org.springframework.boot.test.autoconfigure.properties.PropertyMappingContextCustomizer@0, org.springframework.boot.test.autoconfigure.web.servlet.WebDriverContextCustomizer@1ebea008, org.springframework.test.context.support.DynamicPropertiesContextCustomizer@0, org.springframework.boot.test.context.SpringBootTestAnnotation@2f561bfa], resourceBasePath = "src/main/webapp", contextLoader = org.springframework.boot.test.context.SpringBootContextLoader, parent = null]
	at org.springframework.test.context.cache.DefaultCacheAwareContextLoaderDelegate.loadContext(DefaultCacheAwareContextLoaderDelegate.java:180) ~[spring-test-6.2.3.jar:6.2.3]
	at org.springframework.test.context.support.DefaultTestContext.getApplicationContext(DefaultTestContext.java:130) ~[spring-test-6.2.3.jar:6.2.3]
	at org.springframework.test.context.web.ServletTestExecutionListener.setUpRequestContextIfNecessary(ServletTestExecutionListener.java:200) ~[spring-test-6.2.3.jar:6.2.3]
	at org.springframework.test.context.web.ServletTestExecutionListener.prepareTestInstance(ServletTestExecutionListener.java:139) ~[spring-test-6.2.3.jar:6.2.3]
	at org.springframework.test.context.TestContextManager.prepareTestInstance(TestContextManager.java:260) ~[spring-test-6.2.3.jar:6.2.3]
	at org.springframework.test.context.junit.jupiter.SpringExtension.postProcessTestInstance(SpringExtension.java:160) ~[spring-test-6.2.3.jar:6.2.3]
	at org.junit.jupiter.engine.descriptor.ClassBasedTestDescriptor.lambda$invokeTestInstancePostProcessors$11(ClassBasedTestDescriptor.java:378) ~[junit-jupiter-engine-5.11.4.jar:5.11.4]
	at org.junit.jupiter.engine.descriptor.ClassBasedTestDescriptor.executeAndMaskThrowable(ClassBasedTestDescriptor.java:383) ~[junit-jupiter-engine-5.11.4.jar:5.11.4]
	at org.junit.jupiter.engine.descriptor.ClassBasedTestDescriptor.lambda$invokeTestInstancePostProcessors$12(ClassBasedTestDescriptor.java:378) ~[junit-jupiter-engine-5.11.4.jar:5.11.4]
	at java.base/java.util.stream.ForEachOps$ForEachOp$OfRef.accept(ForEachOps.java:184) ~[na:na]
	at java.base/java.util.stream.ReferencePipeline$3$1.accept(ReferencePipeline.java:197) ~[na:na]
	at java.base/java.util.stream.ReferencePipeline$2$1.accept(ReferencePipeline.java:179) ~[na:na]
	at java.base/java.util.stream.ReferencePipeline$3$1.accept(ReferencePipeline.java:197) ~[na:na]
	at java.base/java.util.ArrayList$ArrayListSpliterator.forEachRemaining(ArrayList.java:1708) ~[na:na]
	at java.base/java.util.stream.AbstractPipeline.copyInto(AbstractPipeline.java:509) ~[na:na]
	at java.base/java.util.stream.AbstractPipeline.wrapAndCopyInto(AbstractPipeline.java:499) ~[na:na]
	at java.base/java.util.stream.ForEachOps$ForEachOp.evaluateSequential(ForEachOps.java:151) ~[na:na]
      Did not match:
         - @ConditionalOnSingleCandidate (types: org.sp
ringframework.transaction.PlatformTransactionManager; 
SearchStrategy: all) did not find any beans 
(OnBeanCondition)

   UserDetailsServiceAutoConfiguration:
      Did not match:
         - @ConditionalOnMissingBean (types: org.spring
framework.security.authentication.AuthenticationManager
,org.springframework.security.authentication.Authentica
tionProvider,org.springframework.security.core.userdeta
ils.UserDetailsService,org.springframework.security.aut
hentication.AuthenticationManagerResolver,org.springfra
mework.security.oauth2.jwt.JwtDecoder; SearchStrategy: 
all) found beans of type 'org.springframework.security.
authentication.AuthenticationManager' 
authenticationManager and found beans of type 'org.spri
ngframework.security.core.userdetails.UserDetailsServic
e' customUserDetailsService (OnBeanCondition)
      Matched:
         - @ConditionalOnClass found required class 'or
g.springframework.security.authentication.Authenticatio
nManager' (OnClassCondition)
         - found 'session' scope 
(OnWebApplicationCondition)
         - AnyNestedCondition 1 matched 2 did not; 
NestedCondition on UserDetailsServiceAutoConfiguration.
MissingAlternativeOrUserPropertiesConfigured.PasswordCo
nfigured @ConditionalOnProperty 
(spring.security.user.password) did not find property 
'password'; NestedCondition on UserDetailsServiceAutoCo
nfiguration.MissingAlternativeOrUserPropertiesConfigure
d.NameConfigured @ConditionalOnProperty 
(spring.security.user.name) did not find property 
'name'; NestedCondition on UserDetailsServiceAutoConfig
uration.MissingAlternativeOrUserPropertiesConfigured.Mi
ssingAlternative @ConditionalOnMissingClass did not 
find unwanted classes 'org.springframework.security.oau
th2.client.registration.ClientRegistrationRepository', 
'org.springframework.security.oauth2.server.resource.in
trospection.OpaqueTokenIntrospector', 'org.springframew
ork.security.saml2.provider.service.registration.Relyin
gPartyRegistrationRepository' (UserDetailsServiceAutoCo
nfiguration.MissingAlternativeOrUserPropertiesConfigure
d)

   WebClientAutoConfiguration:
      Did not match:
         - @ConditionalOnClass did not find required 
class 'org.springframework.web.reactive.function.client
.WebClient' (OnClassCondition)

   WebFluxAutoConfiguration:
      Did not match:
         - @ConditionalOnClass did not find required 
class 'org.springframework.web.reactive.config.WebFluxC
onfigurer' (OnClassCondition)

   WebMvcAutoConfiguration#hiddenHttpMethodFilter:
      Did not match:
         - @ConditionalOnProperty 
(spring.mvc.hiddenmethod.filter.enabled) did not find 
property 'enabled' (OnPropertyCondition)

   WebMvcAutoConfiguration.ProblemDetailsErrorHandlingC
onfiguration:
      Did not match:
         - @ConditionalOnProperty 
(spring.mvc.problemdetails.enabled=true) did not find 
property 'enabled' (OnPropertyCondition)

   WebMvcAutoConfiguration.ResourceChainCustomizerConfi
guration:
      Did not match:
         - @ConditionalOnEnabledResourceChain did not 
find class org.webjars.WebJarVersionLocator 
(OnEnabledResourceChainCondition)

   WebMvcAutoConfiguration.WebMvcAutoConfigurationAdapt
er#beanNameViewResolver:
      Did not match:
         - @ConditionalOnBean (types: 
org.springframework.web.servlet.View; SearchStrategy: 
all) did not find any beans of type 
org.springframework.web.servlet.View (OnBeanCondition)

   WebServiceTemplateAutoConfiguration:
      Did not match:
         - @ConditionalOnClass did not find required 
class 'org.springframework.oxm.Marshaller' 
(OnClassCondition)

   WebServicesAutoConfiguration:
      Did not match:
         - @ConditionalOnClass did not find required 
class 'org.springframework.ws.transport.http.MessageDis
patcherServlet' (OnClassCondition)

   WebSessionIdResolverAutoConfiguration:
      Did not match:
         - @ConditionalOnClass did not find required 
class 'reactor.core.publisher.Mono' (OnClassCondition)

   WebSocketMessagingAutoConfiguration:
      Did not match:
         - @ConditionalOnClass did not find required 
class 'org.springframework.web.socket.config.annotation
.WebSocketMessageBrokerConfigurer' (OnClassCondition)

   WebSocketReactiveAutoConfiguration:
      Did not match:
         - @ConditionalOnWebApplication did not find 
reactive web application classes 
(OnWebApplicationCondition)

   WebSocketServletAutoConfiguration.JettyWebSocketConf
iguration:
      Did not match:
         - @ConditionalOnClass did not find required 
class 'org.eclipse.jetty.ee10.websocket.jakarta.server.
config.JakartaWebSocketServletContainerInitializer' 
(OnClassCondition)

   WebSocketServletAutoConfiguration.UndertowWebSocketC
onfiguration:
	at java.base/java.util.stream.ForEachOps$ForEachOp$OfRef.evaluateSequential(ForEachOps.java:174) ~[na:na]
	at java.base/java.util.stream.AbstractPipeline.evaluate(AbstractPipeline.java:234) ~[na:na]
	at java.base/java.util.stream.ReferencePipeline.forEach(ReferencePipeline.java:596) ~[na:na]
	at org.junit.jupiter.engine.descriptor.ClassBasedTestDescriptor.invokeTestInstancePostProcessors(ClassBasedTestDescriptor.java:377) ~[junit-jupiter-engine-5.11.4.jar:5.11.4]
	at org.junit.jupiter.engine.descriptor.ClassBasedTestDescriptor.lambda$instantiateAndPostProcessTestInstance$7(ClassBasedTestDescriptor.java:290) ~[junit-jupiter-engine-5.11.4.jar:5.11.4]
	at org.junit.platform.engine.support.hierarchical.ThrowableCollector.execute(ThrowableCollector.java:73) ~[junit-platform-engine-1.11.4.jar:1.11.4]
	at org.junit.jupiter.engine.descriptor.ClassBasedTestDescriptor.instantiateAndPostProcessTestInstance(ClassBasedTestDescriptor.java:289) ~[junit-jupiter-engine-5.11.4.jar:5.11.4]
	at org.junit.jupiter.engine.descriptor.ClassBasedTestDescriptor.lambda$testInstancesProvider$5(ClassBasedTestDescriptor.java:279) ~[junit-jupiter-engine-5.11.4.jar:5.11.4]
	at java.base/java.util.Optional.orElseGet(Optional.java:364) ~[na:na]
	at org.junit.jupiter.engine.descriptor.ClassBasedTestDescriptor.lambda$testInstancesProvider$6(ClassBasedTestDescriptor.java:278) ~[junit-jupiter-engine-5.11.4.jar:5.11.4]
	at org.junit.jupiter.engine.execution.TestInstancesProvider.getTestInstances(TestInstancesProvider.java:31) ~[junit-jupiter-engine-5.11.4.jar:5.11.4]
	at org.junit.jupiter.engine.descriptor.TestMethodTestDescriptor.lambda$prepare$1(TestMethodTestDescriptor.java:105) ~[junit-jupiter-engine-5.11.4.jar:5.11.4]
	at org.junit.platform.engine.support.hierarchical.ThrowableCollector.execute(ThrowableCollector.java:73) ~[junit-platform-engine-1.11.4.jar:1.11.4]
	at org.junit.jupiter.engine.descriptor.TestMethodTestDescriptor.prepare(TestMethodTestDescriptor.java:104) ~[junit-jupiter-engine-5.11.4.jar:5.11.4]
	at org.junit.jupiter.engine.descriptor.TestMethodTestDescriptor.prepare(TestMethodTestDescriptor.java:68) ~[junit-jupiter-engine-5.11.4.jar:5.11.4]
	at org.junit.platform.engine.support.hierarchical.NodeTestTask.lambda$prepare$2(NodeTestTask.java:128) ~[junit-platform-engine-1.11.4.jar:1.11.4]
	at org.junit.platform.engine.support.hierarchical.ThrowableCollector.execute(ThrowableCollector.java:73) ~[junit-platform-engine-1.11.4.jar:1.11.4]
	at org.junit.platform.engine.support.hierarchical.NodeTestTask.prepare(NodeTestTask.java:128) ~[junit-platform-engine-1.11.4.jar:1.11.4]
	at org.junit.platform.engine.support.hierarchical.NodeTestTask.execute(NodeTestTask.java:95) ~[junit-platform-engine-1.11.4.jar:1.11.4]
	at java.base/java.util.ArrayList.forEach(ArrayList.java:1596) ~[na:na]
	at org.junit.platform.engine.support.hierarchical.SameThreadHierarchicalTestExecutorService.invokeAll(SameThreadHierarchicalTestExecutorService.java:41) ~[junit-platform-engine-1.11.4.jar:1.11.4]
	at org.junit.platform.engine.support.hierarchical.NodeTestTask.lambda$executeRecursively$6(NodeTestTask.java:160) ~[junit-platform-engine-1.11.4.jar:1.11.4]
	at org.junit.platform.engine.support.hierarchical.ThrowableCollector.execute(ThrowableCollector.java:73) ~[junit-platform-engine-1.11.4.jar:1.11.4]
	at org.junit.platform.engine.support.hierarchical.NodeTestTask.lambda$executeRecursively$8(NodeTestTask.java:146) ~[junit-platform-engine-1.11.4.jar:1.11.4]
	at org.junit.platform.engine.support.hierarchical.Node.around(Node.java:137) ~[junit-platform-engine-1.11.4.jar:1.11.4]
	at org.junit.platform.engine.support.hierarchical.NodeTestTask.lambda$executeRecursively$9(NodeTestTask.java:144) ~[junit-platform-engine-1.11.4.jar:1.11.4]
	at org.junit.platform.engine.support.hierarchical.ThrowableCollector.execute(ThrowableCollector.java:73) ~[junit-platform-engine-1.11.4.jar:1.11.4]
	at org.junit.platform.engine.support.hierarchical.NodeTestTask.executeRecursively(NodeTestTask.java:143) ~[junit-platform-engine-1.11.4.jar:1.11.4]
	at org.junit.platform.engine.support.hierarchical.NodeTestTask.execute(NodeTestTask.java:100) ~[junit-platform-engine-1.11.4.jar:1.11.4]
	at java.base/java.util.ArrayList.forEach(ArrayList.java:1596) ~[na:na]
	at org.junit.platform.engine.support.hierarchical.SameThreadHierarchicalTestExecutorService.invokeAll(SameThreadHierarchicalTestExecutorService.java:41) ~[junit-platform-engine-1.11.4.jar:1.11.4]
	at org.junit.platform.engine.support.hierarchical.NodeTestTask.lambda$executeRecursively$6(NodeTestTask.java:160) ~[junit-platform-engine-1.11.4.jar:1.11.4]
	at org.junit.platform.engine.support.hierarchical.ThrowableCollector.execute(ThrowableCollector.java:73) ~[junit-platform-engine-1.11.4.jar:1.11.4]
	at org.junit.platform.engine.support.hierarchical.NodeTestTask.lambda$executeRecursively$8(NodeTestTask.java:146) ~[junit-platform-engine-1.11.4.jar:1.11.4]
	at org.junit.platform.engine.support.hierarchical.Node.around(Node.java:137) ~[junit-platform-engine-1.11.4.jar:1.11.4]
	at org.junit.platform.engine.support.hierarchical.NodeTestTask.lambda$executeRecursively$9(NodeTestTask.java:144) ~[junit-platform-engine-1.11.4.jar:1.11.4]
	at org.junit.platform.engine.support.hierarchical.ThrowableCollector.execute(ThrowableCollector.java:73) ~[junit-platform-engine-1.11.4.jar:1.11.4]
	at org.junit.platform.engine.support.hierarchical.NodeTestTask.executeRecursively(NodeTestTask.java:143) ~[junit-platform-engine-1.11.4.jar:1.11.4]
	at org.junit.platform.engine.support.hierarchical.NodeTestTask.execute(NodeTestTask.java:100) ~[junit-platform-engine-1.11.4.jar:1.11.4]
	at org.junit.platform.engine.support.hierarchical.SameThreadHierarchicalTestExecutorService.submit(SameThreadHierarchicalTestExecutorService.java:35) ~[junit-platform-engine-1.11.4.jar:1.11.4]
	at org.junit.platform.engine.support.hierarchical.HierarchicalTestExecutor.execute(HierarchicalTestExecutor.java:57) ~[junit-platform-engine-1.11.4.jar:1.11.4]
	at org.junit.platform.engine.support.hierarchical.HierarchicalTestEngine.execute(HierarchicalTestEngine.java:54) ~[junit-platform-engine-1.11.4.jar:1.11.4]
	at org.junit.platform.launcher.core.EngineExecutionOrchestrator.execute(EngineExecutionOrchestrator.java:198) ~[junit-platform-launcher-1.11.4.jar:1.11.4]
	at org.junit.platform.launcher.core.EngineExecutionOrchestrator.execute(EngineExecutionOrchestrator.java:169) ~[junit-platform-launcher-1.11.4.jar:1.11.4]
	at org.junit.platform.launcher.core.EngineExecutionOrchestrator.execute(EngineExecutionOrchestrator.java:93) ~[junit-platform-launcher-1.11.4.jar:1.11.4]
	at org.junit.platform.launcher.core.EngineExecutionOrchestrator.lambda$execute$0(EngineExecutionOrchestrator.java:58) ~[junit-platform-launcher-1.11.4.jar:1.11.4]
	at org.junit.platform.launcher.core.EngineExecutionOrchestrator.withInterceptedStreams(EngineExecutionOrchestrator.java:141) ~[junit-platform-launcher-1.11.4.jar:1.11.4]
	at org.junit.platform.launcher.core.EngineExecutionOrchestrator.execute(EngineExecutionOrchestrator.java:57) ~[junit-platform-launcher-1.11.4.jar:1.11.4]
	at org.junit.platform.launcher.core.DefaultLauncher.execute(DefaultLauncher.java:103) ~[junit-platform-launcher-1.11.4.jar:1.11.4]
	at org.junit.platform.launcher.core.DefaultLauncher.execute(DefaultLauncher.java:85) ~[junit-platform-launcher-1.11.4.jar:1.11.4]
	at org.junit.platform.launcher.core.DelegatingLauncher.execute(DelegatingLauncher.java:47) ~[junit-platform-launcher-1.11.4.jar:1.11.4]
	at org.apache.maven.surefire.junitplatform.LazyLauncher.execute(LazyLauncher.java:56) ~[surefire-junit-platform-3.5.2.jar:3.5.2]
	at org.apache.maven.surefire.junitplatform.JUnitPlatformProvider.execute(JUnitPlatformProvider.java:184) ~[surefire-junit-platform-3.5.2.jar:3.5.2]
	at org.apache.maven.surefire.junitplatform.JUnitPlatformProvider.invokeAllTests(JUnitPlatformProvider.java:148) ~[surefire-junit-platform-3.5.2.jar:3.5.2]
	at org.apache.maven.surefire.junitplatform.JUnitPlatformProvider.invoke(JUnitPlatformProvider.java:122) ~[surefire-junit-platform-3.5.2.jar:3.5.2]
	at org.apache.maven.surefire.booter.ForkedBooter.runSuitesInProcess(ForkedBooter.java:385) ~[surefire-booter-3.5.2.jar:3.5.2]
	at org.apache.maven.surefire.booter.ForkedBooter.execute(ForkedBooter.java:162) ~[surefire-booter-3.5.2.jar:3.5.2]
	at org.apache.maven.surefire.booter.ForkedBooter.run(ForkedBooter.java:507) ~[surefire-booter-3.5.2.jar:3.5.2]
	at org.apache.maven.surefire.booter.ForkedBooter.main(ForkedBooter.java:495) ~[surefire-booter-3.5.2.jar:3.5.2]
Caused by: org.springframework.beans.factory.UnsatisfiedDependencyException: Error creating bean with name 'dataInitializer' defined in file [D:\projects\copys\New folder\clg updating\target\classes\com\college\erp\config\DataInitializer.class]: Unsatisfied dependency expressed through constructor parameter 0: Error creating bean with name 'departmentService' defined in file [D:\projects\copys\New folder\clg updating\target\classes\com\college\erp\service\DepartmentService.class]: Unsatisfied dependency expressed through constructor parameter 0: No qualifying bean of type 'com.college.erp.repository.DepartmentRepository' available: expected at least 1 bean which qualifies as autowire candidate. Dependency annotations: {}
	at org.springframework.beans.factory.support.ConstructorResolver.createArgumentArray(ConstructorResolver.java:804) ~[spring-beans-6.2.3.jar:6.2.3]
	at org.springframework.beans.factory.support.ConstructorResolver.autowireConstructor(ConstructorResolver.java:240) ~[spring-beans-6.2.3.jar:6.2.3]
	at org.springframework.beans.factory.support.AbstractAutowireCapableBeanFactory.autowireConstructor(AbstractAutowireCapableBeanFactory.java:1381) ~[spring-beans-6.2.3.jar:6.2.3]
	at org.springframework.beans.factory.support.AbstractAutowireCapableBeanFactory.createBeanInstance(AbstractAutowireCapableBeanFactory.java:1218) ~[spring-beans-6.2.3.jar:6.2.3]
	at org.springframework.beans.factory.support.AbstractAutowireCapableBeanFactory.doCreateBean(AbstractAutowireCapableBeanFactory.java:563) ~[spring-beans-6.2.3.jar:6.2.3]
	at org.springframework.beans.factory.support.AbstractAutowireCapableBeanFactory.createBean(AbstractAutowireCapableBeanFactory.java:523) ~[spring-beans-6.2.3.jar:6.2.3]
	at org.springframework.beans.factory.support.AbstractBeanFactory.lambda$doGetBean$0(AbstractBeanFactory.java:339) ~[spring-beans-6.2.3.jar:6.2.3]
	at org.springframework.beans.factory.support.DefaultSingletonBeanRegistry.getSingleton(DefaultSingletonBeanRegistry.java:346) ~[spring-beans-6.2.3.jar:6.2.3]
	at org.springframework.beans.factory.support.AbstractBeanFactory.doGetBean(AbstractBeanFactory.java:337) ~[spring-beans-6.2.3.jar:6.2.3]
	at org.springframework.beans.factory.support.AbstractBeanFactory.getBean(AbstractBeanFactory.java:202) ~[spring-beans-6.2.3.jar:6.2.3]
	at org.springframework.beans.factory.support.DefaultListableBeanFactory.instantiateSingleton(DefaultListableBeanFactory.java:1155) ~[spring-beans-6.2.3.jar:6.2.3]
	at org.springframework.beans.factory.support.DefaultListableBeanFactory.preInstantiateSingleton(DefaultListableBeanFactory.java:1121) ~[spring-beans-6.2.3.jar:6.2.3]
	at org.springframework.beans.factory.support.DefaultListableBeanFactory.preInstantiateSingletons(DefaultListableBeanFactory.java:1056) ~[spring-beans-6.2.3.jar:6.2.3]
	at org.springframework.context.support.AbstractApplicationContext.finishBeanFactoryInitialization(AbstractApplicationContext.java:987) ~[spring-context-6.2.3.jar:6.2.3]
	at org.springframework.context.support.AbstractApplicationContext.refresh(AbstractApplicationContext.java:627) ~[spring-context-6.2.3.jar:6.2.3]
	at org.springframework.boot.SpringApplication.refresh(SpringApplication.java:752) ~[spring-boot-3.4.3.jar:3.4.3]
	at org.springframework.boot.SpringApplication.refreshContext(SpringApplication.java:439) ~[spring-boot-3.4.3.jar:3.4.3]
	at org.springframework.boot.SpringApplication.run(SpringApplication.java:318) ~[spring-boot-3.4.3.jar:3.4.3]
	at org.springframework.boot.test.context.SpringBootContextLoader.lambda$loadContext$3(SpringBootContextLoader.java:137) ~[spring-boot-test-3.4.3.jar:3.4.3]
	at org.springframework.util.function.ThrowingSupplier.get(ThrowingSupplier.java:58) ~[spring-core-6.2.3.jar:6.2.3]
	at org.springframework.util.function.ThrowingSupplier.get(ThrowingSupplier.java:46) ~[spring-core-6.2.3.jar:6.2.3]
	at org.springframework.boot.SpringApplication.withHook(SpringApplication.java:1461) ~[spring-boot-3.4.3.jar:3.4.3]
	at org.springframework.boot.test.context.SpringBootContextLoader$ContextLoaderHook.run(SpringBootContextLoader.java:553) ~[spring-boot-test-3.4.3.jar:3.4.3]
	at org.springframework.boot.test.context.SpringBootContextLoader.loadContext(SpringBootContextLoader.java:137) ~[spring-boot-test-3.4.3.jar:3.4.3]
	at org.springframework.boot.test.context.SpringBootContextLoader.loadContext(SpringBootContextLoader.java:108) ~[spring-boot-test-3.4.3.jar:3.4.3]
	at org.springframework.test.context.cache.DefaultCacheAwareContextLoaderDelegate.loadContextInternal(DefaultCacheAwareContextLoaderDelegate.java:225) ~[spring-test-6.2.3.jar:6.2.3]
	at org.springframework.test.context.cache.DefaultCacheAwareContextLoaderDelegate.loadContext(DefaultCacheAwareContextLoaderDelegate.java:152) ~[spring-test-6.2.3.jar:6.2.3]
	... 75 common frames omitted
Caused by: org.springframework.beans.factory.UnsatisfiedDependencyException: Error creating bean with name 'departmentService' defined in file [D:\projects\copys\New folder\clg updating\target\classes\com\college\erp\service\DepartmentService.class]: Unsatisfied dependency expressed through constructor parameter 0: No qualifying bean of type 'com.college.erp.repository.DepartmentRepository' available: expected at least 1 bean which qualifies as autowire candidate. Dependency annotations: {}
	at org.springframework.beans.factory.support.ConstructorResolver.createArgumentArray(ConstructorResolver.java:804) ~[spring-beans-6.2.3.jar:6.2.3]
	at org.springframework.beans.factory.support.ConstructorResolver.autowireConstructor(ConstructorResolver.java:240) ~[spring-beans-6.2.3.jar:6.2.3]
	at org.springframework.beans.factory.support.AbstractAutowireCapableBeanFactory.autowireConstructor(AbstractAutowireCapableBeanFactory.java:1381) ~[spring-beans-6.2.3.jar:6.2.3]
	at org.springframework.beans.factory.support.AbstractAutowireCapableBeanFactory.createBeanInstance(AbstractAutowireCapableBeanFactory.java:1218) ~[spring-beans-6.2.3.jar:6.2.3]
	at org.springframework.beans.factory.support.AbstractAutowireCapableBeanFactory.doCreateBean(AbstractAutowireCapableBeanFactory.java:563) ~[spring-beans-6.2.3.jar:6.2.3]
	at org.springframework.beans.factory.support.AbstractAutowireCapableBeanFactory.createBean(AbstractAutowireCapableBeanFactory.java:523) ~[spring-beans-6.2.3.jar:6.2.3]
	at org.springframework.beans.factory.support.AbstractBeanFactory.lambda$doGetBean$0(AbstractBeanFactory.java:339) ~[spring-beans-6.2.3.jar:6.2.3]
	at org.springframework.beans.factory.support.DefaultSingletonBeanRegistry.getSingleton(DefaultSingletonBeanRegistry.java:346) ~[spring-beans-6.2.3.jar:6.2.3]
	at org.springframework.beans.factory.support.AbstractBeanFactory.doGetBean(AbstractBeanFactory.java:337) ~[spring-beans-6.2.3.jar:6.2.3]
	at org.springframework.beans.factory.support.AbstractBeanFactory.getBean(AbstractBeanFactory.java:202) ~[spring-beans-6.2.3.jar:6.2.3]
	at org.springframework.beans.factory.support.DefaultListableBeanFactory.doResolveDependency(DefaultListableBeanFactory.java:1606) ~[spring-beans-6.2.3.jar:6.2.3]
      Did not match:
         - @ConditionalOnClass did not find required 
class 'io.undertow.websockets.jsr.Bootstrap' 
(OnClassCondition)

	at org.springframework.beans.factory.support.DefaultListableBeanFactory.resolveDependency(DefaultListableBeanFactory.java:1552) ~[spring-beans-6.2.3.jar:6.2.3]
	at org.springframework.beans.factory.support.ConstructorResolver.resolveAutowiredArgument(ConstructorResolver.java:913) ~[spring-beans-6.2.3.jar:6.2.3]
	at org.springframework.beans.factory.support.ConstructorResolver.createArgumentArray(ConstructorResolver.java:791) ~[spring-beans-6.2.3.jar:6.2.3]
	... 101 common frames omitted
Caused by: org.springframework.beans.factory.NoSuchBeanDefinitionException: No qualifying bean of type 'com.college.erp.repository.DepartmentRepository' available: expected at least 1 bean which qualifies as autowire candidate. Dependency annotations: {}
   XADataSourceAutoConfiguration:
      Did not match:
         - @ConditionalOnBean (types: 
org.springframework.boot.jdbc.XADataSourceWrapper; 
SearchStrategy: all) did not find any beans of type 
org.springframework.boot.jdbc.XADataSourceWrapper 
(OnBeanCondition)
      Matched:
         - @ConditionalOnClass found required classes 
'javax.sql.DataSource', 
'jakarta.transaction.TransactionManager', 'org.springfr
amework.jdbc.datasource.embedded.EmbeddedDatabaseType' 
(OnClassCondition)


Exclusions:
-----------

    org.springframework.boot.autoconfigure.jdbc.DataSou
rceAutoConfiguration


Unconditional classes:
----------------------

    org.springframework.boot.autoconfigure.context.Conf
igurationPropertiesAutoConfiguration

    org.springframework.boot.autoconfigure.ssl.SslAutoC
onfiguration

    org.springframework.boot.autoconfigure.context.Life
cycleAutoConfiguration

    org.springframework.boot.autoconfigure.context.Prop
ertyPlaceholderAutoConfiguration

    org.springframework.boot.autoconfigure.availability
.ApplicationAvailabilityAutoConfiguration

    org.springframework.boot.autoconfigure.info.Project
InfoAutoConfiguration



	at org.springframework.beans.factory.support.DefaultListableBeanFactory.raiseNoMatchingBeanFound(DefaultListableBeanFactory.java:2177) ~[spring-beans-6.2.3.jar:6.2.3]
	at org.springframework.beans.factory.support.DefaultListableBeanFactory.doResolveDependency(DefaultListableBeanFactory.java:1627) ~[spring-beans-6.2.3.jar:6.2.3]
	at org.springframework.beans.factory.support.DefaultListableBeanFactory.resolveDependency(DefaultListableBeanFactory.java:1552) ~[spring-beans-6.2.3.jar:6.2.3]
	at org.springframework.beans.factory.support.ConstructorResolver.resolveAutowiredArgument(ConstructorResolver.java:913) ~[spring-beans-6.2.3.jar:6.2.3]
	at org.springframework.beans.factory.support.ConstructorResolver.createArgumentArray(ConstructorResolver.java:791) ~[spring-beans-6.2.3.jar:6.2.3]
	... 114 common frames omitted

[ERROR] Tests run: 1, Failures: 0, Errors: 1, Skipped: 0, Time elapsed: 3.131 s <<< FAILURE! -- in com.college.erp.ErpApplicationTests
[ERROR] com.college.erp.ErpApplicationTests.contextLoads -- Time elapsed: 0.012 s <<< ERROR!
java.lang.IllegalStateException: Failed to load ApplicationContext for [WebMergedContextConfiguration@6010d0d1 testClass = com.college.erp.ErpApplicationTests, locations = [], classes = [com.college.erp.ErpApplication], contextInitializerClasses = [], activeProfiles = [], propertySourceDescriptors = [], propertySourceProperties = ["org.springframework.boot.test.context.SpringBootTestContextBootstrapper=true"], contextCustomizers = [org.springframework.boot.test.context.filter.ExcludeFilterContextCustomizer@503f91c3, org.springframework.boot.test.json.DuplicateJsonObjectContextCustomizerFactory$DuplicateJsonObjectContextCustomizer@3b6d844d, org.springframework.boot.test.mock.mockito.MockitoContextCustomizer@0, org.springframework.boot.test.web.client.TestRestTemplateContextCustomizer@5038d0b5, org.springframework.boot.test.web.reactor.netty.DisableReactorResourceFactoryGlobalResourcesContextCustomizerFactory$DisableReactorResourceFactoryGlobalResourcesContextCustomizerCustomizer@22f59fa, org.springframework.boot.test.autoconfigure.OnFailureConditionReportContextCustomizerFactory$OnFailureConditionReportContextCustomizer@54e041a4, org.springframework.boot.test.autoconfigure.actuate.observability.ObservabilityContextCustomizerFactory$DisableObservabilityContextCustomizer@1f, org.springframework.boot.test.autoconfigure.properties.PropertyMappingContextCustomizer@0, org.springframework.boot.test.autoconfigure.web.servlet.WebDriverContextCustomizer@1ebea008, org.springframework.test.context.support.DynamicPropertiesContextCustomizer@0, org.springframework.boot.test.context.SpringBootTestAnnotation@2f561bfa], resourceBasePath = "src/main/webapp", contextLoader = org.springframework.boot.test.context.SpringBootContextLoader, parent = null]
	at org.springframework.test.context.cache.DefaultCacheAwareContextLoaderDelegate.loadContext(DefaultCacheAwareContextLoaderDelegate.java:180)
	at org.springframework.test.context.support.DefaultTestContext.getApplicationContext(DefaultTestContext.java:130)
	at org.springframework.test.context.web.ServletTestExecutionListener.setUpRequestContextIfNecessary(ServletTestExecutionListener.java:200)
	at org.springframework.test.context.web.ServletTestExecutionListener.prepareTestInstance(ServletTestExecutionListener.java:139)
	at org.springframework.test.context.TestContextManager.prepareTestInstance(TestContextManager.java:260)
	at org.springframework.test.context.junit.jupiter.SpringExtension.postProcessTestInstance(SpringExtension.java:160)
	at java.base/java.util.stream.ForEachOps$ForEachOp$OfRef.accept(ForEachOps.java:184)
	at java.base/java.util.stream.ReferencePipeline$3$1.accept(ReferencePipeline.java:197)
	at java.base/java.util.stream.ReferencePipeline$2$1.accept(ReferencePipeline.java:179)
	at java.base/java.util.stream.ReferencePipeline$3$1.accept(ReferencePipeline.java:197)
	at java.base/java.util.ArrayList$ArrayListSpliterator.forEachRemaining(ArrayList.java:1708)
	at java.base/java.util.stream.AbstractPipeline.copyInto(AbstractPipeline.java:509)
	at java.base/java.util.stream.AbstractPipeline.wrapAndCopyInto(AbstractPipeline.java:499)
	at java.base/java.util.stream.ForEachOps$ForEachOp.evaluateSequential(ForEachOps.java:151)
	at java.base/java.util.stream.ForEachOps$ForEachOp$OfRef.evaluateSequential(ForEachOps.java:174)
	at java.base/java.util.stream.AbstractPipeline.evaluate(AbstractPipeline.java:234)
	at java.base/java.util.stream.ReferencePipeline.forEach(ReferencePipeline.java:596)
	at java.base/java.util.Optional.orElseGet(Optional.java:364)
	at java.base/java.util.ArrayList.forEach(ArrayList.java:1596)
	at java.base/java.util.ArrayList.forEach(ArrayList.java:1596)
Caused by: org.springframework.beans.factory.UnsatisfiedDependencyException: Error creating bean with name 'dataInitializer' defined in file [D:\projects\copys\New folder\clg updating\target\classes\com\college\erp\config\DataInitializer.class]: Unsatisfied dependency expressed through constructor parameter 0: Error creating bean with name 'departmentService' defined in file [D:\projects\copys\New folder\clg updating\target\classes\com\college\erp\service\DepartmentService.class]: Unsatisfied dependency expressed through constructor parameter 0: No qualifying bean of type 'com.college.erp.repository.DepartmentRepository' available: expected at least 1 bean which qualifies as autowire candidate. Dependency annotations: {}
	at org.springframework.beans.factory.support.ConstructorResolver.createArgumentArray(ConstructorResolver.java:804)
	at org.springframework.beans.factory.support.ConstructorResolver.autowireConstructor(ConstructorResolver.java:240)
	at org.springframework.beans.factory.support.AbstractAutowireCapableBeanFactory.autowireConstructor(AbstractAutowireCapableBeanFactory.java:1381)
	at org.springframework.beans.factory.support.AbstractAutowireCapableBeanFactory.createBeanInstance(AbstractAutowireCapableBeanFactory.java:1218)
	at org.springframework.beans.factory.support.AbstractAutowireCapableBeanFactory.doCreateBean(AbstractAutowireCapableBeanFactory.java:563)
	at org.springframework.beans.factory.support.AbstractAutowireCapableBeanFactory.createBean(AbstractAutowireCapableBeanFactory.java:523)
	at org.springframework.beans.factory.support.AbstractBeanFactory.lambda$doGetBean$0(AbstractBeanFactory.java:339)
	at org.springframework.beans.factory.support.DefaultSingletonBeanRegistry.getSingleton(DefaultSingletonBeanRegistry.java:346)
	at org.springframework.beans.factory.support.AbstractBeanFactory.doGetBean(AbstractBeanFactory.java:337)
	at org.springframework.beans.factory.support.AbstractBeanFactory.getBean(AbstractBeanFactory.java:202)
	at org.springframework.beans.factory.support.DefaultListableBeanFactory.instantiateSingleton(DefaultListableBeanFactory.java:1155)
	at org.springframework.beans.factory.support.DefaultListableBeanFactory.preInstantiateSingleton(DefaultListableBeanFactory.java:1121)
	at org.springframework.beans.factory.support.DefaultListableBeanFactory.preInstantiateSingletons(DefaultListableBeanFactory.java:1056)
	at org.springframework.context.support.AbstractApplicationContext.finishBeanFactoryInitialization(AbstractApplicationContext.java:987)
	at org.springframework.context.support.AbstractApplicationContext.refresh(AbstractApplicationContext.java:627)
	at org.springframework.boot.SpringApplication.refresh(SpringApplication.java:752)
	at org.springframework.boot.SpringApplication.refreshContext(SpringApplication.java:439)
	at org.springframework.boot.SpringApplication.run(SpringApplication.java:318)
	at org.springframework.boot.test.context.SpringBootContextLoader.lambda$loadContext$3(SpringBootContextLoader.java:137)
	at org.springframework.util.function.ThrowingSupplier.get(ThrowingSupplier.java:58)
	at org.springframework.util.function.ThrowingSupplier.get(ThrowingSupplier.java:46)
	at org.springframework.boot.SpringApplication.withHook(SpringApplication.java:1461)
	at org.springframework.boot.test.context.SpringBootContextLoader$ContextLoaderHook.run(SpringBootContextLoader.java:553)
	at org.springframework.boot.test.context.SpringBootContextLoader.loadContext(SpringBootContextLoader.java:137)
	at org.springframework.boot.test.context.SpringBootContextLoader.loadContext(SpringBootContextLoader.java:108)
	at org.springframework.test.context.cache.DefaultCacheAwareContextLoaderDelegate.loadContextInternal(DefaultCacheAwareContextLoaderDelegate.java:225)
	at org.springframework.test.context.cache.DefaultCacheAwareContextLoaderDelegate.loadContext(DefaultCacheAwareContextLoaderDelegate.java:152)
	... 19 more
Caused by: org.springframework.beans.factory.UnsatisfiedDependencyException: Error creating bean with name 'departmentService' defined in file [D:\projects\copys\New folder\clg updating\target\classes\com\college\erp\service\DepartmentService.class]: Unsatisfied dependency expressed through constructor parameter 0: No qualifying bean of type 'com.college.erp.repository.DepartmentRepository' available: expected at least 1 bean which qualifies as autowire candidate. Dependency annotations: {}
	at org.springframework.beans.factory.support.ConstructorResolver.createArgumentArray(ConstructorResolver.java:804)
	at org.springframework.beans.factory.support.ConstructorResolver.autowireConstructor(ConstructorResolver.java:240)
	at org.springframework.beans.factory.support.AbstractAutowireCapableBeanFactory.autowireConstructor(AbstractAutowireCapableBeanFactory.java:1381)
	at org.springframework.beans.factory.support.AbstractAutowireCapableBeanFactory.createBeanInstance(AbstractAutowireCapableBeanFactory.java:1218)
	at org.springframework.beans.factory.support.AbstractAutowireCapableBeanFactory.doCreateBean(AbstractAutowireCapableBeanFactory.java:563)
	at org.springframework.beans.factory.support.AbstractAutowireCapableBeanFactory.createBean(AbstractAutowireCapableBeanFactory.java:523)
	at org.springframework.beans.factory.support.AbstractBeanFactory.lambda$doGetBean$0(AbstractBeanFactory.java:339)
	at org.springframework.beans.factory.support.DefaultSingletonBeanRegistry.getSingleton(DefaultSingletonBeanRegistry.java:346)
	at org.springframework.beans.factory.support.AbstractBeanFactory.doGetBean(AbstractBeanFactory.java:337)
	at org.springframework.beans.factory.support.AbstractBeanFactory.getBean(AbstractBeanFactory.java:202)
	at org.springframework.beans.factory.support.DefaultListableBeanFactory.doResolveDependency(DefaultListableBeanFactory.java:1606)
	at org.springframework.beans.factory.support.DefaultListableBeanFactory.resolveDependency(DefaultListableBeanFactory.java:1552)
	at org.springframework.beans.factory.support.ConstructorResolver.resolveAutowiredArgument(ConstructorResolver.java:913)
	at org.springframework.beans.factory.support.ConstructorResolver.createArgumentArray(ConstructorResolver.java:791)
	... 45 more
Caused by: org.springframework.beans.factory.NoSuchBeanDefinitionException: No qualifying bean of type 'com.college.erp.repository.DepartmentRepository' available: expected at least 1 bean which qualifies as autowire candidate. Dependency annotations: {}
	at org.springframework.beans.factory.support.DefaultListableBeanFactory.raiseNoMatchingBeanFound(DefaultListableBeanFactory.java:2177)
	at org.springframework.beans.factory.support.DefaultListableBeanFactory.doResolveDependency(DefaultListableBeanFactory.java:1627)
	at org.springframework.beans.factory.support.DefaultListableBeanFactory.resolveDependency(DefaultListableBeanFactory.java:1552)
	at org.springframework.beans.factory.support.ConstructorResolver.resolveAutowiredArgument(ConstructorResolver.java:913)
	at org.springframework.beans.factory.support.ConstructorResolver.createArgumentArray(ConstructorResolver.java:791)
	... 58 more

[INFO] 
[INFO] Results:
[INFO] 
[ERROR] Errors: 
[ERROR]   ErpApplicationTests.contextLoads ╗ IllegalState Failed to load ApplicationContext for [WebMergedContextConfiguration@6010d0d1 testClass = com.college.erp.ErpApplicationTests, locations = [], classes = [com.college.erp.ErpApplication], contextInitializerClasses = [], activeProfiles = [], propertySourceDescriptors = [], propertySourceProperties = ["org.springframework.boot.test.context.SpringBootTestContextBootstrapper=true"], contextCustomizers = [org.springframework.boot.test.context.filter.ExcludeFilterContextCustomizer@503f91c3, org.springframework.boot.test.json.DuplicateJsonObjectContextCustomizerFactory$DuplicateJsonObjectContextCustomizer@3b6d844d, org.springframework.boot.test.mock.mockito.MockitoContextCustomizer@0, org.springframework.boot.test.web.client.TestRestTemplateContextCustomizer@5038d0b5, org.springframework.boot.test.web.reactor.netty.DisableReactorResourceFactoryGlobalResourcesContextCustomizerFactory$DisableReactorResourceFactoryGlobalResourcesContextCustomizerCustomizer@22f59fa, org.springframework.boot.test.autoconfigure.OnFailureConditionReportContextCustomizerFactory$OnFailureConditionReportContextCustomizer@54e041a4, org.springframework.boot.test.autoconfigure.actuate.observability.ObservabilityContextCustomizerFactory$DisableObservabilityContextCustomizer@1f, org.springframework.boot.test.autoconfigure.properties.PropertyMappingContextCustomizer@0, org.springframework.boot.test.autoconfigure.web.servlet.WebDriverContextCustomizer@1ebea008, org.springframework.test.context.support.DynamicPropertiesContextCustomizer@0, org.springframework.boot.test.context.SpringBootTestAnnotation@2f561bfa], resourceBasePath = "src/main/webapp", contextLoader = org.springframework.boot.test.context.SpringBootContextLoader, parent = null]
[INFO] 
[ERROR] Tests run: 1, Failures: 0, Errors: 1, Skipped: 0
[INFO] 
[INFO] ------------------------------------------------------------------------
[INFO] BUILD FAILURE
[INFO] ------------------------------------------------------------------------
[INFO] Total time:  6.814 s
[INFO] Finished at: 2026-03-18T16:49:48+05:30
[INFO] ------------------------------------------------------------------------
[ERROR] Failed to execute goal org.apache.maven.plugins:maven-surefire-plugin:3.5.2:test (default-test) on project erp: 
[ERROR] 
[ERROR] See D:\projects\copys\New folder\clg updating\target\surefire-reports for the individual test results.
[ERROR] See dump files (if any exist) [date].dump, [date]-jvmRun[N].dump and [date].dumpstream.
[ERROR] -> [Help 1]
[ERROR] 
[ERROR] To see the full stack trace of the errors, re-run Maven with the -e switch.
[ERROR] Re-run Maven using the -X switch to enable full debug logging.
[ERROR] 
[ERROR] For more information about the errors and possible solutions, please read the following articles:
[ERROR] [Help 1] http://cwiki.apache.org/confluence/display/MAVEN/MojoFailureException
